2026-6-26 13:47:05-log: Cannot access game frame or container.
2026-6-26 13:47:07-debug: asset-db:require-engine-code (2306ms)
2026-6-26 13:47:07-log: meshopt wasm decoder initialized
2026-6-26 13:47:07-log: [bullet]:bullet wasm lib loaded.
2026-6-26 13:47:07-log: [box2d]:box2d wasm lib loaded.
2026-6-26 13:47:07-log: Cocos Creator v3.8.7
2026-6-26 13:47:07-log: Using legacy pipeline
2026-6-26 13:47:07-log: Forward render pipeline initialized.
2026-6-26 13:47:07-debug: [Assets Memory track]: asset-db:worker-init: initEngine start:29.13MB, end 80.11MB, increase: 50.97MB
2026-6-26 13:47:10-debug: [Assets Memory track]: asset-db:worker-init: initPlugin start:80.15MB, end 221.94MB, increase: 141.79MB
2026-6-26 13:47:10-debug: asset-db:worker-init: initPlugin (3032ms)
2026-6-26 13:47:10-debug: [Assets Memory track]: asset-db:worker-init start:29.12MB, end 222.06MB, increase: 192.94MB
2026-6-26 13:47:10-debug: Run asset db hook programming:beforePreStart ...
2026-6-26 13:47:10-debug: Run asset db hook engine-extends:beforePreStart ...
2026-6-26 13:47:10-debug: Run asset db hook programming:beforePreStart success!
2026-6-26 13:47:10-debug: Run asset db hook engine-extends:beforePreStart success!
2026-6-26 13:47:11-debug: Preimport db  success
2026-6-26 13:47:11-debug: Preimport db  success
2026-6-26 13:47:10-debug: Preimport db  success
2026-6-26 13:47:11-debug: Run asset db hook programming:afterPreStart ...
2026-6-26 13:47:11-debug: starting packer-driver...
2026-6-26 13:47:11-debug: asset-db:worker-init (5712ms)
2026-6-26 13:47:11-debug: asset-db-hook-programming-beforePreStart (141ms)
2026-6-26 13:47:11-debug: asset-db-hook-engine-extends-beforePreStart (140ms)
2026-6-26 13:47:11-debug: initialize scripting environment...
2026-6-26 13:47:11-debug: [[Executor]] prepare before lock
2026-6-26 13:47:11-debug: Set detail map pack:///resolution-detail-map.json: {}
2026-6-26 13:47:11-debug: [[Executor]] prepare after unlock
2026-6-26 13:47:11-debug: Run asset db hook programming:afterPreStart success!
2026-6-26 13:47:11-debug: Run asset db hook engine-extends:afterPreStart ...
2026-6-26 13:47:11-debug: Run asset db hook engine-extends:afterPreStart success!
2026-6-26 13:47:11-debug: Start up the 'internal' database...
2026-6-26 13:47:16-debug: asset-db-hook-programming-afterPreStart (5365ms)
2026-6-26 13:47:16-debug: asset-db:worker-effect-data-processing (4839ms)
2026-6-26 13:47:16-debug: asset-db-hook-engine-extends-afterPreStart (4840ms)
2026-6-26 13:47:18-debug: Run asset db hook engine-extends:afterStartDB ...
2026-6-26 13:47:19-debug: recompile effect.bin success
2026-6-26 13:47:19-debug: Run asset db hook engine-extends:afterStartDB success!
2026-6-26 13:47:19-debug: Start up the 'assets' database...
2026-6-26 13:47:25-debug: asset-db:worker-effect-data-processing (7737ms)
2026-6-26 13:47:25-debug: asset-db-hook-engine-extends-afterStartDB (7737ms)
2026-6-26 13:47:25-debug: Run asset db hook engine-extends:afterStartDB ...
2026-6-26 13:47:26-debug: Start up the 'super-packager' database...
2026-6-26 13:47:26-debug: Run asset db hook engine-extends:afterStartDB success!
2026-6-26 13:47:26-debug: recompile effect.bin success
2026-6-26 13:47:26-debug: asset-db:worker-effect-data-processing (657ms)
2026-6-26 13:47:26-debug: asset-db-hook-engine-extends-afterStartDB (657ms)
2026-6-26 13:47:26-debug: Run asset db hook engine-extends:afterStartDB ...
2026-6-26 13:47:27-debug: recompile effect.bin success
2026-6-26 13:47:27-debug: lazy register asset handler *
2026-6-26 13:47:27-debug: Run asset db hook engine-extends:afterStartDB success!
2026-6-26 13:47:27-debug: lazy register asset handler text
2026-6-26 13:47:27-debug: lazy register asset handler directory
2026-6-26 13:47:27-debug: lazy register asset handler spine-data
2026-6-26 13:47:27-debug: lazy register asset handler dragonbones
2026-6-26 13:47:27-debug: lazy register asset handler json
2026-6-26 13:47:27-debug: lazy register asset handler dragonbones-atlas
2026-6-26 13:47:27-debug: lazy register asset handler terrain
2026-6-26 13:47:27-debug: lazy register asset handler javascript
2026-6-26 13:47:27-debug: lazy register asset handler typescript
2026-6-26 13:47:27-debug: lazy register asset handler scene
2026-6-26 13:47:27-debug: lazy register asset handler prefab
2026-6-26 13:47:27-debug: lazy register asset handler sprite-frame
2026-6-26 13:47:27-debug: lazy register asset handler tiled-map
2026-6-26 13:47:27-debug: lazy register asset handler buffer
2026-6-26 13:47:27-debug: lazy register asset handler image
2026-6-26 13:47:27-debug: lazy register asset handler sign-image
2026-6-26 13:47:27-debug: lazy register asset handler texture
2026-6-26 13:47:27-debug: lazy register asset handler alpha-image
2026-6-26 13:47:27-debug: lazy register asset handler texture-cube
2026-6-26 13:47:27-debug: lazy register asset handler erp-texture-cube
2026-6-26 13:47:27-debug: lazy register asset handler render-texture
2026-6-26 13:47:27-debug: lazy register asset handler rt-sprite-frame
2026-6-26 13:47:27-debug: lazy register asset handler texture-cube-face
2026-6-26 13:47:27-debug: lazy register asset handler gltf
2026-6-26 13:47:27-debug: lazy register asset handler gltf-animation
2026-6-26 13:47:27-debug: lazy register asset handler gltf-mesh
2026-6-26 13:47:27-debug: lazy register asset handler gltf-skeleton
2026-6-26 13:47:27-debug: lazy register asset handler gltf-scene
2026-6-26 13:47:27-debug: lazy register asset handler gltf-material
2026-6-26 13:47:27-debug: lazy register asset handler gltf-embeded-image
2026-6-26 13:47:27-debug: lazy register asset handler fbx
2026-6-26 13:47:27-debug: lazy register asset handler material
2026-6-26 13:47:27-debug: lazy register asset handler physics-material
2026-6-26 13:47:27-debug: lazy register asset handler effect-header
2026-6-26 13:47:27-debug: lazy register asset handler effect
2026-6-26 13:47:27-debug: lazy register asset handler audio-clip
2026-6-26 13:47:27-debug: lazy register asset handler animation-clip
2026-6-26 13:47:27-debug: lazy register asset handler animation-graph-variant
2026-6-26 13:47:27-debug: lazy register asset handler animation-graph
2026-6-26 13:47:27-debug: lazy register asset handler animation-mask
2026-6-26 13:47:27-debug: lazy register asset handler bitmap-font
2026-6-26 13:47:27-debug: lazy register asset handler ttf-font
2026-6-26 13:47:27-debug: lazy register asset handler particle
2026-6-26 13:47:27-debug: lazy register asset handler sprite-atlas
2026-6-26 13:47:27-debug: lazy register asset handler auto-atlas
2026-6-26 13:47:27-debug: lazy register asset handler label-atlas
2026-6-26 13:47:27-debug: lazy register asset handler render-flow
2026-6-26 13:47:27-debug: lazy register asset handler render-pipeline
2026-6-26 13:47:27-debug: lazy register asset handler instantiation-material
2026-6-26 13:47:27-debug: lazy register asset handler instantiation-mesh
2026-6-26 13:47:27-debug: lazy register asset handler instantiation-skeleton
2026-6-26 13:47:27-debug: lazy register asset handler video-clip
2026-6-26 13:47:27-debug: lazy register asset handler render-stage
2026-6-26 13:47:27-debug: lazy register asset handler instantiation-animation
2026-6-26 13:47:27-debug: asset-db:worker-effect-data-processing (446ms)
2026-6-26 13:47:27-debug: asset-db-hook-engine-extends-afterStartDB (447ms)
2026-6-26 13:47:27-debug: asset-db:start-database (16161ms)
2026-6-26 13:47:27-debug: asset-db:ready (27647ms)
2026-6-26 13:47:27-debug: init worker message success
2026-6-26 13:47:27-debug: programming:execute-script (14ms)
2026-6-26 13:47:33-log: [SUPER_PACKAGE]async function() {
  console.log(PACKAGE_NAME, load);
}
2026-6-26 13:47:33-debug: [Build Memory track]: builder:worker-init start:226.90MB, end 246.43MB, increase: 19.53MB
2026-6-26 13:47:33-debug: builder:worker-init (6636ms)
2026-6-26 13:47:42-debug: refresh db internal success
2026-6-26 13:47:42-debug: refresh db assets success
2026-6-26 13:47:42-debug: refresh db super-packager success
2026-6-26 13:47:42-debug: Run asset db hook engine-extends:afterRefresh ...
2026-6-26 13:47:42-debug: Run asset db hook engine-extends:afterRefresh success!
2026-6-26 13:47:42-debug: asset-db:refresh-all-database (243ms)
2026-6-26 13:47:42-debug: asset-db:worker-effect-data-processing (2ms)
2026-6-26 13:47:42-debug: asset-db-hook-engine-extends-afterRefresh (2ms)
2026-6-26 13:49:11-debug: refresh db internal success
2026-6-26 13:49:11-debug: refresh db assets success
2026-6-26 13:49:11-debug: refresh db super-packager success
2026-6-26 13:49:11-debug: Run asset db hook engine-extends:afterRefresh ...
2026-6-26 13:49:11-debug: Run asset db hook engine-extends:afterRefresh success!
2026-6-26 13:49:11-debug: asset-db:refresh-all-database (210ms)
2026-6-26 13:49:11-debug: asset-db:worker-effect-data-processing (1ms)
2026-6-26 13:49:11-debug: asset-db-hook-engine-extends-afterRefresh (2ms)
2026-6-26 13:49:26-debug: refresh db internal success
2026-6-26 13:49:26-debug: refresh db assets success
2026-6-26 13:49:26-debug: refresh db super-packager success
2026-6-26 13:49:26-debug: Run asset db hook engine-extends:afterRefresh ...
2026-6-26 13:49:26-debug: Run asset db hook engine-extends:afterRefresh success!
2026-6-26 13:49:26-debug: asset-db:refresh-all-database (239ms)
2026-6-26 13:49:26-debug: asset-db:worker-effect-data-processing (1ms)
2026-6-26 13:49:26-debug: asset-db-hook-engine-extends-afterRefresh (2ms)
2026-6-26 13:49:49-debug: refresh db internal success
2026-6-26 13:49:49-debug: refresh db assets success
2026-6-26 13:49:49-debug: refresh db super-packager success
2026-6-26 13:49:49-debug: Run asset db hook engine-extends:afterRefresh ...
2026-6-26 13:49:49-debug: Run asset db hook engine-extends:afterRefresh success!
2026-6-26 13:49:49-debug: asset-db:refresh-all-database (217ms)
2026-6-26 13:49:49-debug: asset-db:worker-effect-data-processing (1ms)
2026-6-26 13:49:49-debug: asset-db-hook-engine-extends-afterRefresh (2ms)
2026-6-26 13:51:20-debug: %cImport%c: D:\工程项目\PlayableAD\Cocos\TheW\20260615_HYQ\HYQ_Project\assets\GameRes\FBX\Hero_1\dazhuang-001.mtlbackground: #aaff85; color: #000;color: #000;
2026-6-26 13:51:20-debug: asset-db:reimport-assetcc1ba55d-5314-4c01-ba6d-b71fae6946a4 (33ms)
2026-6-26 13:52:02-debug: %cReImport%c: D:\工程项目\PlayableAD\Cocos\TheW\20260615_HYQ\HYQ_Project\assets\GameRes\FBX\Hero_3\big_dazhuang_01_skin_2.fbx@88dd9background: #aaff85; color: #000;color: #000;
2026-6-26 13:52:02-log: importer: Reuse previously edited material data. fed75016-e3cc-4c00-b479-b84368d1644c@88dd9
2026-6-26 13:52:02-debug: asset-db:reimport-assetfed75016-e3cc-4c00-b479-b84368d1644c@88dd9 (6ms)
2026-6-26 13:52:10-debug: %cReImport%c: D:\工程项目\PlayableAD\Cocos\TheW\20260615_HYQ\HYQ_Project\assets\GameRes\FBX\Hero_3\big_dazhuang_01_skin_2.fbx@c69c4background: #aaff85; color: #000;color: #000;
2026-6-26 13:52:10-log: importer: Reuse previously edited material data. fed75016-e3cc-4c00-b479-b84368d1644c@c69c4
2026-6-26 13:52:10-debug: asset-db:reimport-assetfed75016-e3cc-4c00-b479-b84368d1644c@c69c4 (6ms)
2026-6-26 13:52:14-debug: %cReImport%c: D:\工程项目\PlayableAD\Cocos\TheW\20260615_HYQ\HYQ_Project\assets\GameRes\FBX\Hero_3\big_dazhuang_01_skin_2.fbx@94a0ebackground: #aaff85; color: #000;color: #000;
2026-6-26 13:52:14-log: importer: Reuse previously edited material data. fed75016-e3cc-4c00-b479-b84368d1644c@94a0e
2026-6-26 13:52:14-debug: asset-db:reimport-assetfed75016-e3cc-4c00-b479-b84368d1644c@94a0e (2ms)
2026-6-26 13:52:20-debug: %cImport%c: D:\工程项目\PlayableAD\Cocos\TheW\20260615_HYQ\HYQ_Project\assets\GameRes\FBX\Hero_3\super_big_dazhuang_0.mtlbackground: #aaff85; color: #000;color: #000;
2026-6-26 13:52:20-debug: asset-db:reimport-asset2340ba67-ccb8-4006-a654-2a152409965f (36ms)
2026-6-26 13:53:11-debug: refresh db internal success
2026-6-26 13:53:11-debug: refresh db assets success
2026-6-26 13:53:11-debug: refresh db super-packager success
2026-6-26 13:53:11-debug: Run asset db hook engine-extends:afterRefresh ...
2026-6-26 13:53:11-debug: Run asset db hook engine-extends:afterRefresh success!
2026-6-26 13:53:11-debug: asset-db:worker-effect-data-processing (4ms)
2026-6-26 13:53:11-debug: asset-db-hook-engine-extends-afterRefresh (5ms)
2026-6-26 13:53:11-debug: asset-db:refresh-all-database (303ms)
2026-6-26 13:53:11-debug: %cImport%c: D:\工程项目\PlayableAD\Cocos\TheW\20260615_HYQ\HYQ_Project\assets\Scene\Game_3D-002.scenebackground: #aaff85; color: #000;color: #000;
2026-6-26 13:53:11-error: Importer exec failed: {asset[D:\工程项目\PlayableAD\Cocos\TheW\20260615_HYQ\HYQ_Project\assets\Scene\Game_3D-002.scene](b5805d3a-3b80-4a12-adf5-588e63a7d886)}
2026-6-26 13:53:11-error: Error: UNKNOWN: unknown error, open 'D:\工程项目\PlayableAD\Cocos\TheW\20260615_HYQ\HYQ_Project\assets\Scene\Game_3D-002.scene'
2026-6-26 13:53:11-debug: asset-db:reimport-assetb5805d3a-3b80-4a12-adf5-588e63a7d886 (34ms)
2026-6-26 13:53:17-debug: refresh db internal success
