2026-7-10 11:40:46-log: Cannot access game frame or container.
2026-7-10 11:40:46-debug: asset-db:require-engine-code (811ms)
2026-7-10 11:40:47-log: meshopt wasm decoder initialized
2026-7-10 11:40:47-log: [bullet]:bullet wasm lib loaded.
2026-7-10 11:40:47-log: [box2d]:box2d wasm lib loaded.
2026-7-10 11:40:47-log: Cocos Creator v3.8.7
2026-7-10 11:40:47-log: Using legacy pipeline
2026-7-10 11:40:47-debug: [Assets Memory track]: asset-db:worker-init: initEngine start:32.97MB, end 79.95MB, increase: 46.98MB
2026-7-10 11:40:47-log: Forward render pipeline initialized.
2026-7-10 11:40:49-debug: [Assets Memory track]: asset-db:worker-init: initPlugin start:80.01MB, end 274.77MB, increase: 194.76MB
2026-7-10 11:40:49-debug: run package(super-packager) handler(enable) success!
2026-7-10 11:40:49-debug: run package(placeholder) handler(enable) success!
2026-7-10 11:40:49-debug: asset-db:worker-init: initPlugin (2242ms)
2026-7-10 11:40:49-debug: run package(placeholder) handler(enable) start
2026-7-10 11:40:49-debug: run package(super-packager) handler(enable) start
2026-7-10 11:40:49-debug: [Assets Memory track]: asset-db:worker-init start:32.96MB, end 274.99MB, increase: 242.03MB
2026-7-10 11:40:49-debug: Run asset db hook programming:beforePreStart ...
2026-7-10 11:40:49-debug: Run asset db hook programming:beforePreStart success!
2026-7-10 11:40:49-debug: Run asset db hook engine-extends:beforePreStart success!
2026-7-10 11:40:49-debug: Preimport db  success
2026-7-10 11:40:49-debug: Run asset db hook engine-extends:beforePreStart ...
2026-7-10 11:40:49-debug: Run asset db hook programming:afterPreStart ...
2026-7-10 11:40:49-debug: Preimport db  success
2026-7-10 11:40:49-debug: Preimport db  success
2026-7-10 11:40:49-debug: starting packer-driver...
2026-7-10 11:40:49-debug: asset-db:worker-init (3913ms)
2026-7-10 11:40:49-debug: asset-db-hook-programming-beforePreStart (116ms)
2026-7-10 11:40:49-debug: asset-db-hook-engine-extends-beforePreStart (116ms)
2026-7-10 11:40:50-debug: initialize scripting environment...
2026-7-10 11:40:50-debug: [[Executor]] prepare before lock
2026-7-10 11:40:50-debug: Set detail map pack:///resolution-detail-map.json: {}
2026-7-10 11:40:50-debug: [[Executor]] prepare after unlock
2026-7-10 11:40:50-debug: Run asset db hook programming:afterPreStart success!
2026-7-10 11:40:50-debug: Run asset db hook engine-extends:afterPreStart success!
2026-7-10 11:40:50-debug: Start up the 'internal' database...
2026-7-10 11:40:50-debug: Run asset db hook engine-extends:afterPreStart ...
2026-7-10 11:40:53-debug: asset-db-hook-programming-afterPreStart (4053ms)
2026-7-10 11:40:53-debug: asset-db:worker-effect-data-processing (3628ms)
2026-7-10 11:40:53-debug: asset-db-hook-engine-extends-afterPreStart (3629ms)
2026-7-10 11:40:55-debug: Run asset db hook engine-extends:afterStartDB ...
2026-7-10 11:40:56-debug: recompile effect.bin success
2026-7-10 11:40:56-debug: Run asset db hook engine-extends:afterStartDB success!
2026-7-10 11:40:56-debug: Start up the 'assets' database...
2026-7-10 11:41:01-debug: asset-db:worker-effect-data-processing (6412ms)
2026-7-10 11:41:01-debug: asset-db-hook-engine-extends-afterStartDB (6413ms)
2026-7-10 11:41:01-debug: %cImport%c: D:\工程项目\PlayableAD\Cocos\TheW\20260615_HYQ\HYQ_Project\assets\Scene\Game_3D-002.scenebackground: #aaff85; color: #000;color: #000;
2026-7-10 11:41:02-debug: Run asset db hook engine-extends:afterStartDB ...
2026-7-10 11:41:02-debug: recompile effect.bin success
2026-7-10 11:41:02-debug: Run asset db hook engine-extends:afterStartDB success!
2026-7-10 11:41:02-debug: Start up the 'super-packager' database...
2026-7-10 11:41:02-debug: asset-db:worker-effect-data-processing (642ms)
2026-7-10 11:41:02-debug: asset-db-hook-engine-extends-afterStartDB (642ms)
2026-7-10 11:41:02-debug: Run asset db hook engine-extends:afterStartDB ...
2026-7-10 11:41:03-debug: recompile effect.bin success
2026-7-10 11:41:03-debug: Run asset db hook engine-extends:afterStartDB success!
2026-7-10 11:41:03-debug: lazy register asset handler text
2026-7-10 11:41:03-debug: lazy register asset handler directory
2026-7-10 11:41:03-debug: lazy register asset handler spine-data
2026-7-10 11:41:03-debug: lazy register asset handler json
2026-7-10 11:41:03-debug: lazy register asset handler dragonbones
2026-7-10 11:41:03-debug: lazy register asset handler dragonbones-atlas
2026-7-10 11:41:03-debug: lazy register asset handler terrain
2026-7-10 11:41:03-debug: lazy register asset handler javascript
2026-7-10 11:41:03-debug: lazy register asset handler *
2026-7-10 11:41:03-debug: lazy register asset handler typescript
2026-7-10 11:41:03-debug: lazy register asset handler scene
2026-7-10 11:41:03-debug: lazy register asset handler prefab
2026-7-10 11:41:03-debug: lazy register asset handler sprite-frame
2026-7-10 11:41:03-debug: lazy register asset handler tiled-map
2026-7-10 11:41:03-debug: lazy register asset handler image
2026-7-10 11:41:03-debug: lazy register asset handler buffer
2026-7-10 11:41:03-debug: lazy register asset handler alpha-image
2026-7-10 11:41:03-debug: lazy register asset handler sign-image
2026-7-10 11:41:03-debug: lazy register asset handler texture-cube
2026-7-10 11:41:03-debug: lazy register asset handler texture
2026-7-10 11:41:03-debug: lazy register asset handler erp-texture-cube
2026-7-10 11:41:03-debug: lazy register asset handler texture-cube-face
2026-7-10 11:41:03-debug: lazy register asset handler rt-sprite-frame
2026-7-10 11:41:03-debug: lazy register asset handler render-texture
2026-7-10 11:41:03-debug: lazy register asset handler gltf
2026-7-10 11:41:03-debug: lazy register asset handler gltf-mesh
2026-7-10 11:41:03-debug: lazy register asset handler gltf-skeleton
2026-7-10 11:41:03-debug: lazy register asset handler gltf-animation
2026-7-10 11:41:03-debug: lazy register asset handler gltf-material
2026-7-10 11:41:03-debug: lazy register asset handler gltf-embeded-image
2026-7-10 11:41:03-debug: lazy register asset handler material
2026-7-10 11:41:03-debug: lazy register asset handler gltf-scene
2026-7-10 11:41:03-debug: lazy register asset handler fbx
2026-7-10 11:41:03-debug: lazy register asset handler physics-material
2026-7-10 11:41:03-debug: lazy register asset handler effect
2026-7-10 11:41:03-debug: lazy register asset handler effect-header
2026-7-10 11:41:03-debug: lazy register asset handler animation-clip
2026-7-10 11:41:03-debug: lazy register asset handler animation-graph
2026-7-10 11:41:03-debug: lazy register asset handler animation-graph-variant
2026-7-10 11:41:03-debug: lazy register asset handler animation-mask
2026-7-10 11:41:03-debug: lazy register asset handler audio-clip
2026-7-10 11:41:03-debug: lazy register asset handler ttf-font
2026-7-10 11:41:03-debug: lazy register asset handler particle
2026-7-10 11:41:03-debug: lazy register asset handler sprite-atlas
2026-7-10 11:41:03-debug: lazy register asset handler bitmap-font
2026-7-10 11:41:03-debug: lazy register asset handler auto-atlas
2026-7-10 11:41:03-debug: lazy register asset handler label-atlas
2026-7-10 11:41:03-debug: lazy register asset handler render-pipeline
2026-7-10 11:41:03-debug: lazy register asset handler render-stage
2026-7-10 11:41:03-debug: lazy register asset handler instantiation-material
2026-7-10 11:41:03-debug: lazy register asset handler instantiation-mesh
2026-7-10 11:41:03-debug: lazy register asset handler render-flow
2026-7-10 11:41:03-debug: lazy register asset handler instantiation-skeleton
2026-7-10 11:41:03-debug: lazy register asset handler instantiation-animation
2026-7-10 11:41:03-debug: lazy register asset handler video-clip
2026-7-10 11:41:03-debug: asset-db-hook-engine-extends-afterStartDB (443ms)
2026-7-10 11:41:03-debug: asset-db:ready (21854ms)
2026-7-10 11:41:03-debug: asset-db:start-database (13466ms)
2026-7-10 11:41:03-debug: asset-db:worker-effect-data-processing (442ms)
2026-7-10 11:41:03-debug: init worker message success
2026-7-10 11:41:03-debug: programming:execute-script (3ms)
2026-7-10 11:41:10-log: [SUPER_PACKAGE]async function() {
  console.log(PACKAGE_NAME, load);
}
2026-7-10 11:41:10-debug: [Build Memory track]: builder:worker-init start:231.79MB, end 247.47MB, increase: 15.68MB
2026-7-10 11:41:10-debug: builder:worker-init (7350ms)
2026-7-10 11:41:52-debug: Query all assets info in project
2026-7-10 11:41:52-debug: init custom config: keepNodeUuid: false, useCache: true
2026-7-10 11:41:52-debug: Skip compress image, progress: 0%
2026-7-10 11:41:52-debug: Init all bundles start..., progress: 0%
2026-7-10 11:41:52-debug: // ---- build task 查询 Asset Bundle ----
2026-7-10 11:41:52-debug: Init bundle root assets start..., progress: 0%
2026-7-10 11:41:52-debug: Num of bundles: 3..., progress: 0%
2026-7-10 11:41:52-debug: 查询 Asset Bundle start, progress: 0%
2026-7-10 11:41:52-debug: Query preload assets/scripts from cc.config.json: 60f7195c-ec2a-45eb-ba94-8955f60e81d0,1c02ae6f-4492-4915-b8f8-7492a3b1e4cd,810e96e4-e456-4468-9b59-f4e8f39732c0,efe8e2a3-eace-427b-b4f1-cb8a937ec77d,e9aa9a3e-5b2b-4ac7-a2c7-073de2b2b24f,8bbdbcdd-5cd4-4100-b6d5-b7c9625b6107,50f4348b-c883-4e2f-8f11-ce233b859fa1,fda095cb-831d-4601-ad94-846013963de8,f92806d7-1768-443f-afe8-12bcde84d0f0,dd3a144d-ab7f-41f0-82b8-2e43a090d496,f0416e68-0200-4b77-a926-4f9d16e494da,511d2633-09a7-4bdd-ac42-f778032124b3,5d45aa00-e064-4938-b314-4265f0c2258c,9361fd90-ba52-4f84-aa93-6e878fd576ca,970b0598-bcb0-4714-91fb-2e81440dccd8,bcd64cc6-2dd9-43f6-abbe-66318d332032,d930590d-bb92-4cc8-8bd1-23cd027f9edf,a3cd009f-0ab0-420d-9278-b9fdab939bbc,6a2d0734-bd9e-4ddf-946e-caa52498cb75,d1346436-ac96-4271-b863-1f4fdead95b0,971bdb23-3ff6-43eb-b422-1c30165a3663,17debcc3-0a6b-4b8a-b00b-dc58b885581e,711ebe11-f673-4cd9-9a83-63c60ba54c5b,c0143906-9aed-447e-9436-2ae8512d1b6e,14da1725-c4c2-42b4-ab08-ee0aeb6898b3,081cab31-dccd-428e-8652-f2404cc81c47,78e0584a-4343-4727-8f37-e14e65c2a2db,ba21476f-2866-4f81-9c4d-6e359316e448,871c3b6c-7379-419d-bda3-794b239ab90d,ff9b0199-ce04-4cfe-86cc-6c719f08d6e4,de1c2107-70c8-4021-8459-6399f24d01c6,cbf30902-517f-40dc-af90-a550bac27cf1,5c601d96-e4c7-4698-991b-7ee674b11079
2026-7-10 11:41:52-debug:   Number of all scripts: 109
2026-7-10 11:41:52-debug: Init bundle root assets success..., progress: 0%
2026-7-10 11:41:52-debug:   Number of other assets: 1158
2026-7-10 11:41:52-debug:   Number of all scenes: 5
2026-7-10 11:41:52-debug: // ---- build task 查询 Asset Bundle ---- (15ms)
2026-7-10 11:41:52-log: run build task 查询 Asset Bundle success in 15 ms√, progress: 5%
2026-7-10 11:41:52-debug: [Build Memory track]: 查询 Asset Bundle start:241.29MB, end 241.28MB, increase: -10.73KB
2026-7-10 11:41:52-debug: 查询 Asset Bundle start, progress: 5%
2026-7-10 11:41:52-debug: // ---- build task 查询 Asset Bundle ----
2026-7-10 11:41:52-debug: // ---- build task 查询 Asset Bundle ---- (8ms)
2026-7-10 11:41:52-log: run build task 查询 Asset Bundle success in 8 ms√, progress: 10%
2026-7-10 11:41:52-debug: 整理部分构建选项内数据到 settings.json start, progress: 10%
2026-7-10 11:41:52-debug: [Build Memory track]: 查询 Asset Bundle start:241.33MB, end 241.59MB, increase: 264.17KB
2026-7-10 11:41:52-debug: // ---- build task 整理部分构建选项内数据到 settings.json ----
2026-7-10 11:41:52-debug: // ---- build task 整理部分构建选项内数据到 settings.json ---- (1ms)
2026-7-10 11:41:52-log: run build task 整理部分构建选项内数据到 settings.json success in 1 ms√, progress: 12%
2026-7-10 11:41:52-debug: // ---- build task 填充脚本数据到 settings.json ----
2026-7-10 11:41:52-debug: [Build Memory track]: 整理部分构建选项内数据到 settings.json start:241.64MB, end 241.67MB, increase: 37.26KB
2026-7-10 11:41:52-debug: 填充脚本数据到 settings.json start, progress: 12%
2026-7-10 11:41:52-debug: // ---- build task 填充脚本数据到 settings.json ---- (1ms)
2026-7-10 11:41:52-debug: [Build Memory track]: 填充脚本数据到 settings.json start:241.72MB, end 241.75MB, increase: 35.98KB
2026-7-10 11:41:52-debug: 整理部分构建选项内数据到 settings.json start, progress: 13%
2026-7-10 11:41:52-log: run build task 填充脚本数据到 settings.json success in 1 ms√, progress: 13%
2026-7-10 11:41:52-debug: // ---- build task 整理部分构建选项内数据到 settings.json ----
2026-7-10 11:41:52-debug: // ---- build task 整理部分构建选项内数据到 settings.json ---- (7ms)
2026-7-10 11:41:52-log: run build task 整理部分构建选项内数据到 settings.json success in 7 ms√, progress: 15%
2026-7-10 11:41:52-debug: [Build Memory track]: 整理部分构建选项内数据到 settings.json start:241.80MB, end 241.88MB, increase: 79.33KB
