2026-7-8 16:32:36-log: Cannot access game frame or container.
2026-7-8 16:32:37-debug: asset-db:require-engine-code (815ms)
2026-7-8 16:32:37-log: meshopt wasm decoder initialized
2026-7-8 16:32:37-log: [bullet]:bullet wasm lib loaded.
2026-7-8 16:32:37-log: [box2d]:box2d wasm lib loaded.
2026-7-8 16:32:37-log: Cocos Creator v3.8.7
2026-7-8 16:32:37-log: Forward render pipeline initialized.
2026-7-8 16:32:37-log: Using legacy pipeline
2026-7-8 16:32:37-debug: [Assets Memory track]: asset-db:worker-init: initEngine start:32.81MB, end 79.98MB, increase: 47.17MB
2026-7-8 16:32:40-debug: [Assets Memory track]: asset-db:worker-init: initPlugin start:80.05MB, end 274.84MB, increase: 194.79MB
2026-7-8 16:32:40-debug: run package(super-html) handler(enable) start
2026-7-8 16:32:40-debug: run package(super-packager) handler(enable) success!
2026-7-8 16:32:40-debug: run package(super-html) handler(enable) success!
2026-7-8 16:32:40-debug: run package(super-packager) handler(enable) start
2026-7-8 16:32:40-debug: run package(placeholder) handler(enable) success!
2026-7-8 16:32:40-debug: run package(placeholder) handler(enable) start
2026-7-8 16:32:40-debug: asset-db:worker-init: initPlugin (2397ms)
2026-7-8 16:32:40-debug: [Assets Memory track]: asset-db:worker-init start:32.80MB, end 275.10MB, increase: 242.30MB
2026-7-8 16:32:40-debug: Run asset db hook programming:beforePreStart ...
2026-7-8 16:32:40-debug: Run asset db hook programming:beforePreStart success!
2026-7-8 16:32:40-debug: Run asset db hook engine-extends:beforePreStart success!
2026-7-8 16:32:40-debug: Preimport db  success
2026-7-8 16:32:40-debug: Run asset db hook engine-extends:beforePreStart ...
2026-7-8 16:32:40-debug: Preimport db  success
2026-7-8 16:32:40-debug: Run asset db hook programming:afterPreStart ...
2026-7-8 16:32:40-debug: starting packer-driver...
2026-7-8 16:32:40-debug: Preimport db  success
2026-7-8 16:32:40-debug: asset-db:worker-init (3981ms)
2026-7-8 16:32:40-debug: asset-db-hook-programming-beforePreStart (132ms)
2026-7-8 16:32:40-debug: asset-db-hook-engine-extends-beforePreStart (132ms)
2026-7-8 16:32:40-debug: initialize scripting environment...
2026-7-8 16:32:40-debug: [[Executor]] prepare before lock
2026-7-8 16:32:40-debug: Set detail map pack:///resolution-detail-map.json: {}
2026-7-8 16:32:40-debug: [[Executor]] prepare after unlock
2026-7-8 16:32:40-debug: Run asset db hook programming:afterPreStart success!
2026-7-8 16:32:40-debug: Run asset db hook engine-extends:afterPreStart ...
2026-7-8 16:32:40-debug: Run asset db hook engine-extends:afterPreStart success!
2026-7-8 16:32:40-debug: [Assets Memory track]: asset-db:worker-init: preStart start:275.12MB, end 276.42MB, increase: 1.30MB
2026-7-8 16:32:40-debug: Start up the 'internal' database...
2026-7-8 16:32:44-debug: asset-db-hook-programming-afterPreStart (3997ms)
2026-7-8 16:32:44-debug: asset-db:worker-effect-data-processing (3596ms)
2026-7-8 16:32:44-debug: asset-db-hook-engine-extends-afterPreStart (3596ms)
2026-7-8 16:32:46-debug: Run asset db hook engine-extends:afterStartDB ...
2026-7-8 16:32:47-debug: recompile effect.bin success
2026-7-8 16:32:47-debug: Run asset db hook engine-extends:afterStartDB success!
2026-7-8 16:32:47-debug: Start up the 'assets' database...
2026-7-8 16:32:52-debug: asset-db:worker-effect-data-processing (6102ms)
2026-7-8 16:32:52-debug: asset-db-hook-engine-extends-afterStartDB (6102ms)
2026-7-8 16:32:52-debug: Run asset db hook engine-extends:afterStartDB ...
2026-7-8 16:32:52-debug: recompile effect.bin success
2026-7-8 16:32:52-debug: Run asset db hook engine-extends:afterStartDB success!
2026-7-8 16:32:52-debug: Start up the 'super-packager' database...
2026-7-8 16:32:53-debug: asset-db:worker-effect-data-processing (735ms)
2026-7-8 16:32:53-debug: asset-db-hook-engine-extends-afterStartDB (735ms)
2026-7-8 16:32:53-debug: Run asset db hook engine-extends:afterStartDB ...
2026-7-8 16:32:53-debug: recompile effect.bin success
2026-7-8 16:32:53-debug: Run asset db hook engine-extends:afterStartDB success!
2026-7-8 16:32:53-debug: lazy register asset handler *
2026-7-8 16:32:53-debug: lazy register asset handler directory
2026-7-8 16:32:53-debug: lazy register asset handler spine-data
2026-7-8 16:32:53-debug: lazy register asset handler text
2026-7-8 16:32:53-debug: lazy register asset handler dragonbones
2026-7-8 16:32:53-debug: lazy register asset handler json
2026-7-8 16:32:53-debug: lazy register asset handler terrain
2026-7-8 16:32:53-debug: lazy register asset handler javascript
2026-7-8 16:32:53-debug: lazy register asset handler dragonbones-atlas
2026-7-8 16:32:53-debug: lazy register asset handler scene
2026-7-8 16:32:53-debug: lazy register asset handler typescript
2026-7-8 16:32:53-debug: lazy register asset handler sprite-frame
2026-7-8 16:32:53-debug: lazy register asset handler tiled-map
2026-7-8 16:32:53-debug: lazy register asset handler buffer
2026-7-8 16:32:53-debug: lazy register asset handler prefab
2026-7-8 16:32:53-debug: lazy register asset handler image
2026-7-8 16:32:53-debug: lazy register asset handler sign-image
2026-7-8 16:32:53-debug: lazy register asset handler alpha-image
2026-7-8 16:32:53-debug: lazy register asset handler texture-cube
2026-7-8 16:32:53-debug: lazy register asset handler erp-texture-cube
2026-7-8 16:32:53-debug: lazy register asset handler render-texture
2026-7-8 16:32:53-debug: lazy register asset handler texture-cube-face
2026-7-8 16:32:53-debug: lazy register asset handler gltf
2026-7-8 16:32:53-debug: lazy register asset handler texture
2026-7-8 16:32:53-debug: lazy register asset handler gltf-mesh
2026-7-8 16:32:53-debug: lazy register asset handler gltf-animation
2026-7-8 16:32:53-debug: lazy register asset handler gltf-material
2026-7-8 16:32:53-debug: lazy register asset handler rt-sprite-frame
2026-7-8 16:32:53-debug: lazy register asset handler gltf-skeleton
2026-7-8 16:32:53-debug: lazy register asset handler gltf-embeded-image
2026-7-8 16:32:53-debug: lazy register asset handler material
2026-7-8 16:32:53-debug: lazy register asset handler gltf-scene
2026-7-8 16:32:53-debug: lazy register asset handler fbx
2026-7-8 16:32:53-debug: lazy register asset handler physics-material
2026-7-8 16:32:53-debug: lazy register asset handler effect
2026-7-8 16:32:53-debug: lazy register asset handler effect-header
2026-7-8 16:32:53-debug: lazy register asset handler animation-clip
2026-7-8 16:32:53-debug: lazy register asset handler animation-graph
2026-7-8 16:32:53-debug: lazy register asset handler animation-graph-variant
2026-7-8 16:32:53-debug: lazy register asset handler ttf-font
2026-7-8 16:32:53-debug: lazy register asset handler audio-clip
2026-7-8 16:32:53-debug: lazy register asset handler bitmap-font
2026-7-8 16:32:53-debug: lazy register asset handler animation-mask
2026-7-8 16:32:53-debug: lazy register asset handler sprite-atlas
2026-7-8 16:32:53-debug: lazy register asset handler auto-atlas
2026-7-8 16:32:53-debug: lazy register asset handler label-atlas
2026-7-8 16:32:53-debug: lazy register asset handler render-pipeline
2026-7-8 16:32:53-debug: lazy register asset handler render-flow
2026-7-8 16:32:53-debug: lazy register asset handler render-stage
2026-7-8 16:32:53-debug: lazy register asset handler instantiation-material
2026-7-8 16:32:53-debug: lazy register asset handler instantiation-skeleton
2026-7-8 16:32:53-debug: lazy register asset handler particle
2026-7-8 16:32:53-debug: lazy register asset handler instantiation-mesh
2026-7-8 16:32:53-debug: lazy register asset handler instantiation-animation
2026-7-8 16:32:53-debug: lazy register asset handler video-clip
2026-7-8 16:32:53-debug: asset-db:start-database (13127ms)
2026-7-8 16:32:53-debug: asset-db:worker-effect-data-processing (427ms)
2026-7-8 16:32:53-debug: asset-db-hook-engine-extends-afterStartDB (427ms)
2026-7-8 16:32:53-debug: asset-db:ready (21710ms)
2026-7-8 16:32:53-debug: init worker message success
2026-7-8 16:32:53-debug: programming:execute-script (22ms)
2026-7-8 16:33:00-log: [SUPER_PACKAGE]async function() {
  console.log(PACKAGE_NAME, load);
}
2026-7-8 16:33:00-debug: [Build Memory track]: builder:worker-init start:223.40MB, end 246.21MB, increase: 22.81MB
2026-7-8 16:33:00-debug: builder:worker-init (6881ms)
2026-7-8 16:33:24-debug: Query all assets info in project
2026-7-8 16:33:24-debug: init custom config: keepNodeUuid: false, useCache: true
2026-7-8 16:33:24-debug: Skip compress image, progress: 0%
2026-7-8 16:33:24-debug: Init all bundles start..., progress: 0%
2026-7-8 16:33:24-debug: // ---- build task 查询 Asset Bundle ----
2026-7-8 16:33:24-debug: Init bundle root assets start..., progress: 0%
2026-7-8 16:33:24-debug: Num of bundles: 3..., progress: 0%
2026-7-8 16:33:24-debug: 查询 Asset Bundle start, progress: 0%
2026-7-8 16:33:24-debug: Query preload assets/scripts from cc.config.json: 60f7195c-ec2a-45eb-ba94-8955f60e81d0,1c02ae6f-4492-4915-b8f8-7492a3b1e4cd,810e96e4-e456-4468-9b59-f4e8f39732c0,efe8e2a3-eace-427b-b4f1-cb8a937ec77d,e9aa9a3e-5b2b-4ac7-a2c7-073de2b2b24f,8bbdbcdd-5cd4-4100-b6d5-b7c9625b6107,50f4348b-c883-4e2f-8f11-ce233b859fa1,fda095cb-831d-4601-ad94-846013963de8,f92806d7-1768-443f-afe8-12bcde84d0f0,dd3a144d-ab7f-41f0-82b8-2e43a090d496,f0416e68-0200-4b77-a926-4f9d16e494da,511d2633-09a7-4bdd-ac42-f778032124b3,5d45aa00-e064-4938-b314-4265f0c2258c,9361fd90-ba52-4f84-aa93-6e878fd576ca,970b0598-bcb0-4714-91fb-2e81440dccd8,bcd64cc6-2dd9-43f6-abbe-66318d332032,d930590d-bb92-4cc8-8bd1-23cd027f9edf,a3cd009f-0ab0-420d-9278-b9fdab939bbc,6a2d0734-bd9e-4ddf-946e-caa52498cb75,d1346436-ac96-4271-b863-1f4fdead95b0,971bdb23-3ff6-43eb-b422-1c30165a3663,17debcc3-0a6b-4b8a-b00b-dc58b885581e,711ebe11-f673-4cd9-9a83-63c60ba54c5b,c0143906-9aed-447e-9436-2ae8512d1b6e,14da1725-c4c2-42b4-ab08-ee0aeb6898b3,081cab31-dccd-428e-8652-f2404cc81c47,78e0584a-4343-4727-8f37-e14e65c2a2db,ba21476f-2866-4f81-9c4d-6e359316e448,871c3b6c-7379-419d-bda3-794b239ab90d,ff9b0199-ce04-4cfe-86cc-6c719f08d6e4,de1c2107-70c8-4021-8459-6399f24d01c6,cbf30902-517f-40dc-af90-a550bac27cf1,5c601d96-e4c7-4698-991b-7ee674b11079
2026-7-8 16:33:24-debug:   Number of all scenes: 5
2026-7-8 16:33:24-debug:   Number of other assets: 1158
2026-7-8 16:33:24-debug: Init bundle root assets success..., progress: 0%
2026-7-8 16:33:24-debug:   Number of all scripts: 109
2026-7-8 16:33:24-debug: // ---- build task 查询 Asset Bundle ---- (22ms)
2026-7-8 16:33:24-log: run build task 查询 Asset Bundle success in 22 ms√, progress: 5%
2026-7-8 16:33:24-debug: 查询 Asset Bundle start, progress: 5%
2026-7-8 16:33:24-debug: [Build Memory track]: 查询 Asset Bundle start:241.17MB, end 241.16MB, increase: -19.87KB
2026-7-8 16:33:24-debug: // ---- build task 查询 Asset Bundle ----
2026-7-8 16:33:24-debug: // ---- build task 查询 Asset Bundle ---- (15ms)
2026-7-8 16:33:24-log: run build task 查询 Asset Bundle success in 15 ms√, progress: 10%
2026-7-8 16:33:24-debug: 整理部分构建选项内数据到 settings.json start, progress: 10%
2026-7-8 16:33:24-debug: [Build Memory track]: 查询 Asset Bundle start:241.20MB, end 241.46MB, increase: 266.69KB
2026-7-8 16:33:24-debug: // ---- build task 整理部分构建选项内数据到 settings.json ----
2026-7-8 16:33:24-debug: // ---- build task 整理部分构建选项内数据到 settings.json ---- (12ms)
2026-7-8 16:33:25-log: run build task 整理部分构建选项内数据到 settings.json success in 12 ms√, progress: 12%
2026-7-8 16:33:25-debug: // ---- build task 填充脚本数据到 settings.json ----
2026-7-8 16:33:25-debug: [Build Memory track]: 整理部分构建选项内数据到 settings.json start:241.51MB, end 241.54MB, increase: 37.23KB
2026-7-8 16:33:25-debug: 填充脚本数据到 settings.json start, progress: 12%
2026-7-8 16:33:25-debug: // ---- build task 填充脚本数据到 settings.json ---- (12ms)
2026-7-8 16:33:25-log: run build task 填充脚本数据到 settings.json success in 12 ms√, progress: 13%
2026-7-8 16:33:25-debug: 整理部分构建选项内数据到 settings.json start, progress: 13%
2026-7-8 16:33:25-debug: [Build Memory track]: 填充脚本数据到 settings.json start:241.59MB, end 241.63MB, increase: 36.60KB
2026-7-8 16:33:25-debug: // ---- build task 整理部分构建选项内数据到 settings.json ----
2026-7-8 16:33:25-debug: // ---- build task 整理部分构建选项内数据到 settings.json ---- (14ms)
2026-7-8 16:33:25-log: run build task 整理部分构建选项内数据到 settings.json success in 14 ms√, progress: 15%
2026-7-8 16:33:25-debug: [Build Memory track]: 整理部分构建选项内数据到 settings.json start:241.68MB, end 241.75MB, increase: 78.55KB
2026-7-8 16:43:19-debug: refresh db internal success
2026-7-8 16:43:19-debug: refresh db assets success
2026-7-8 16:43:19-debug: refresh db super-packager success
2026-7-8 16:43:19-debug: Run asset db hook engine-extends:afterRefresh ...
2026-7-8 16:43:19-debug: Run asset db hook engine-extends:afterRefresh success!
2026-7-8 16:43:19-debug: asset-db:refresh-all-database (264ms)
2026-7-8 16:43:19-debug: asset-db:worker-effect-data-processing (1ms)
2026-7-8 16:43:19-debug: asset-db-hook-engine-extends-afterRefresh (2ms)
2026-7-8 16:43:39-debug: refresh db internal success
2026-7-8 16:43:39-debug: refresh db assets success
2026-7-8 16:43:39-debug: refresh db super-packager success
2026-7-8 16:43:39-debug: Run asset db hook engine-extends:afterRefresh ...
2026-7-8 16:43:39-debug: Run asset db hook engine-extends:afterRefresh success!
2026-7-8 16:43:39-debug: asset-db:refresh-all-database (248ms)
2026-7-8 16:43:39-debug: asset-db:worker-effect-data-processing (3ms)
2026-7-8 16:43:39-debug: asset-db-hook-engine-extends-afterRefresh (3ms)
2026-7-8 16:43:53-debug: %cImport%c: D:\工程项目\PlayableAD\Cocos\TheW\20260615_HYQ\HYQ_Project\assets\GameRes\Prefab\Prop_Brand_2.prefabbackground: #aaff85; color: #000;color: #000;
2026-7-8 16:43:53-debug: asset-db:reimport-asset09f7d7d0-5529-499d-8bbb-e3e6a9394677 (15ms)
2026-7-8 16:43:55-debug: %cImport%c: D:\工程项目\PlayableAD\Cocos\TheW\20260615_HYQ\HYQ_Project\assets\GameRes\Prefab\Prop_Brand_2.prefabbackground: #aaff85; color: #000;color: #000;
2026-7-8 16:43:55-debug: asset-db:reimport-asset09f7d7d0-5529-499d-8bbb-e3e6a9394677 (15ms)
2026-7-8 16:44:09-debug: %cImport%c: D:\工程项目\PlayableAD\Cocos\TheW\20260615_HYQ\HYQ_Project\assets\GameRes\Prefab\Prop_Brand.prefabbackground: #aaff85; color: #000;color: #000;
2026-7-8 16:44:09-debug: asset-db:reimport-asset0138029d-bfaa-4d43-aa1c-63b3be01e8e5 (12ms)
2026-7-8 16:44:11-debug: %cImport%c: D:\工程项目\PlayableAD\Cocos\TheW\20260615_HYQ\HYQ_Project\assets\GameRes\Prefab\Prop_Brand.prefabbackground: #aaff85; color: #000;color: #000;
2026-7-8 16:44:11-debug: asset-db:reimport-asset0138029d-bfaa-4d43-aa1c-63b3be01e8e5 (21ms)
2026-7-8 16:44:13-debug: %cImport%c: D:\工程项目\PlayableAD\Cocos\TheW\20260615_HYQ\HYQ_Project\assets\Scene\Game_3D-002.scenebackground: #aaff85; color: #000;color: #000;
2026-7-8 16:44:13-debug: asset-db:reimport-assetb5805d3a-3b80-4a12-adf5-588e63a7d886 (32ms)
2026-7-8 16:44:14-debug: Query all assets info in project
2026-7-8 16:44:14-debug: init custom config: keepNodeUuid: false, useCache: true
2026-7-8 16:44:14-debug: Skip compress image, progress: 0%
2026-7-8 16:44:14-debug: Init all bundles start..., progress: 0%
2026-7-8 16:44:14-debug: 查询 Asset Bundle start, progress: 0%
2026-7-8 16:44:14-debug: // ---- build task 查询 Asset Bundle ----
2026-7-8 16:44:14-debug: Num of bundles: 3..., progress: 0%
2026-7-8 16:44:14-debug: Init bundle root assets start..., progress: 0%
2026-7-8 16:44:14-debug:   Number of all scenes: 5
2026-7-8 16:44:14-debug:   Number of all scripts: 109
2026-7-8 16:44:14-debug: Query preload assets/scripts from cc.config.json: 60f7195c-ec2a-45eb-ba94-8955f60e81d0,1c02ae6f-4492-4915-b8f8-7492a3b1e4cd,810e96e4-e456-4468-9b59-f4e8f39732c0,efe8e2a3-eace-427b-b4f1-cb8a937ec77d,e9aa9a3e-5b2b-4ac7-a2c7-073de2b2b24f,8bbdbcdd-5cd4-4100-b6d5-b7c9625b6107,50f4348b-c883-4e2f-8f11-ce233b859fa1,fda095cb-831d-4601-ad94-846013963de8,f92806d7-1768-443f-afe8-12bcde84d0f0,dd3a144d-ab7f-41f0-82b8-2e43a090d496,f0416e68-0200-4b77-a926-4f9d16e494da,511d2633-09a7-4bdd-ac42-f778032124b3,5d45aa00-e064-4938-b314-4265f0c2258c,9361fd90-ba52-4f84-aa93-6e878fd576ca,970b0598-bcb0-4714-91fb-2e81440dccd8,bcd64cc6-2dd9-43f6-abbe-66318d332032,d930590d-bb92-4cc8-8bd1-23cd027f9edf,a3cd009f-0ab0-420d-9278-b9fdab939bbc,6a2d0734-bd9e-4ddf-946e-caa52498cb75,d1346436-ac96-4271-b863-1f4fdead95b0,971bdb23-3ff6-43eb-b422-1c30165a3663,17debcc3-0a6b-4b8a-b00b-dc58b885581e,711ebe11-f673-4cd9-9a83-63c60ba54c5b,c0143906-9aed-447e-9436-2ae8512d1b6e,14da1725-c4c2-42b4-ab08-ee0aeb6898b3,081cab31-dccd-428e-8652-f2404cc81c47,78e0584a-4343-4727-8f37-e14e65c2a2db,ba21476f-2866-4f81-9c4d-6e359316e448,871c3b6c-7379-419d-bda3-794b239ab90d,ff9b0199-ce04-4cfe-86cc-6c719f08d6e4,de1c2107-70c8-4021-8459-6399f24d01c6,cbf30902-517f-40dc-af90-a550bac27cf1,5c601d96-e4c7-4698-991b-7ee674b11079
2026-7-8 16:44:14-debug:   Number of other assets: 1158
2026-7-8 16:44:14-debug: Init bundle root assets success..., progress: 0%
2026-7-8 16:44:14-debug: // ---- build task 查询 Asset Bundle ---- (21ms)
2026-7-8 16:44:14-log: run build task 查询 Asset Bundle success in 21 ms√, progress: 5%
2026-7-8 16:44:14-debug: [Build Memory track]: 查询 Asset Bundle start:255.97MB, end 253.95MB, increase: -2067.89KB
2026-7-8 16:44:14-debug: // ---- build task 查询 Asset Bundle ----
2026-7-8 16:44:14-debug: 查询 Asset Bundle start, progress: 5%
2026-7-8 16:44:14-debug: // ---- build task 查询 Asset Bundle ---- (4ms)
2026-7-8 16:44:14-log: run build task 查询 Asset Bundle success in 4 ms√, progress: 10%
2026-7-8 16:44:14-debug: // ---- build task 整理部分构建选项内数据到 settings.json ----
2026-7-8 16:44:14-debug: [Build Memory track]: 查询 Asset Bundle start:254.00MB, end 254.23MB, increase: 239.71KB
2026-7-8 16:44:14-debug: 整理部分构建选项内数据到 settings.json start, progress: 10%
2026-7-8 16:44:14-debug: // ---- build task 整理部分构建选项内数据到 settings.json ---- (2ms)
2026-7-8 16:44:14-log: run build task 整理部分构建选项内数据到 settings.json success in 2 ms√, progress: 12%
2026-7-8 16:44:14-debug: [Build Memory track]: 整理部分构建选项内数据到 settings.json start:254.28MB, end 254.33MB, increase: 48.79KB
2026-7-8 16:44:14-debug: // ---- build task 填充脚本数据到 settings.json ----
2026-7-8 16:44:14-debug: 填充脚本数据到 settings.json start, progress: 12%
2026-7-8 16:44:14-log: run build task 填充脚本数据到 settings.json success in √, progress: 13%
2026-7-8 16:44:14-debug: [Build Memory track]: 填充脚本数据到 settings.json start:254.38MB, end 254.40MB, increase: 25.59KB
2026-7-8 16:44:14-debug: 整理部分构建选项内数据到 settings.json start, progress: 13%
2026-7-8 16:44:14-debug: // ---- build task 整理部分构建选项内数据到 settings.json ----
2026-7-8 16:44:14-debug: // ---- build task 整理部分构建选项内数据到 settings.json ---- (5ms)
2026-7-8 16:44:14-log: run build task 整理部分构建选项内数据到 settings.json success in 5 ms√, progress: 15%
2026-7-8 16:44:14-debug: [Build Memory track]: 整理部分构建选项内数据到 settings.json start:254.45MB, end 254.52MB, increase: 71.93KB
2026-7-8 16:46:50-debug: refresh db internal success
2026-7-8 16:46:50-debug: refresh db assets success
2026-7-8 16:46:50-debug: refresh db super-packager success
2026-7-8 16:46:50-debug: Run asset db hook engine-extends:afterRefresh ...
2026-7-8 16:46:50-debug: Run asset db hook engine-extends:afterRefresh success!
2026-7-8 16:46:50-debug: asset-db:refresh-all-database (213ms)
2026-7-8 16:46:50-debug: asset-db:worker-effect-data-processing (1ms)
2026-7-8 16:46:50-debug: asset-db-hook-engine-extends-afterRefresh (1ms)
2026-7-8 16:47:01-debug: %cImport%c: D:\工程项目\PlayableAD\Cocos\TheW\20260615_HYQ\HYQ_Project\assets\Scene\Game_3D-002.scenebackground: #aaff85; color: #000;color: #000;
2026-7-8 16:47:01-debug: asset-db:reimport-assetb5805d3a-3b80-4a12-adf5-588e63a7d886 (28ms)
2026-7-8 16:47:02-debug: Query all assets info in project
2026-7-8 16:47:02-debug: init custom config: keepNodeUuid: false, useCache: true
2026-7-8 16:47:02-debug: Skip compress image, progress: 0%
2026-7-8 16:47:02-debug: Init all bundles start..., progress: 0%
2026-7-8 16:47:02-debug: // ---- build task 查询 Asset Bundle ----
2026-7-8 16:47:02-debug: Init bundle root assets start..., progress: 0%
2026-7-8 16:47:02-debug: Num of bundles: 3..., progress: 0%
2026-7-8 16:47:02-debug: 查询 Asset Bundle start, progress: 0%
2026-7-8 16:47:02-debug: Query preload assets/scripts from cc.config.json: 60f7195c-ec2a-45eb-ba94-8955f60e81d0,1c02ae6f-4492-4915-b8f8-7492a3b1e4cd,810e96e4-e456-4468-9b59-f4e8f39732c0,efe8e2a3-eace-427b-b4f1-cb8a937ec77d,e9aa9a3e-5b2b-4ac7-a2c7-073de2b2b24f,8bbdbcdd-5cd4-4100-b6d5-b7c9625b6107,50f4348b-c883-4e2f-8f11-ce233b859fa1,fda095cb-831d-4601-ad94-846013963de8,f92806d7-1768-443f-afe8-12bcde84d0f0,dd3a144d-ab7f-41f0-82b8-2e43a090d496,f0416e68-0200-4b77-a926-4f9d16e494da,511d2633-09a7-4bdd-ac42-f778032124b3,5d45aa00-e064-4938-b314-4265f0c2258c,9361fd90-ba52-4f84-aa93-6e878fd576ca,970b0598-bcb0-4714-91fb-2e81440dccd8,bcd64cc6-2dd9-43f6-abbe-66318d332032,d930590d-bb92-4cc8-8bd1-23cd027f9edf,a3cd009f-0ab0-420d-9278-b9fdab939bbc,6a2d0734-bd9e-4ddf-946e-caa52498cb75,d1346436-ac96-4271-b863-1f4fdead95b0,971bdb23-3ff6-43eb-b422-1c30165a3663,17debcc3-0a6b-4b8a-b00b-dc58b885581e,711ebe11-f673-4cd9-9a83-63c60ba54c5b,c0143906-9aed-447e-9436-2ae8512d1b6e,14da1725-c4c2-42b4-ab08-ee0aeb6898b3,081cab31-dccd-428e-8652-f2404cc81c47,78e0584a-4343-4727-8f37-e14e65c2a2db,ba21476f-2866-4f81-9c4d-6e359316e448,871c3b6c-7379-419d-bda3-794b239ab90d,ff9b0199-ce04-4cfe-86cc-6c719f08d6e4,de1c2107-70c8-4021-8459-6399f24d01c6,cbf30902-517f-40dc-af90-a550bac27cf1,5c601d96-e4c7-4698-991b-7ee674b11079
2026-7-8 16:47:02-debug:   Number of all scenes: 5
2026-7-8 16:47:02-debug:   Number of all scripts: 109
2026-7-8 16:47:02-debug: Init bundle root assets success..., progress: 0%
2026-7-8 16:47:02-debug:   Number of other assets: 1158
2026-7-8 16:47:02-debug: // ---- build task 查询 Asset Bundle ---- (13ms)
2026-7-8 16:47:02-log: run build task 查询 Asset Bundle success in 13 ms√, progress: 5%
2026-7-8 16:47:02-debug: // ---- build task 查询 Asset Bundle ----
2026-7-8 16:47:02-debug: [Build Memory track]: 查询 Asset Bundle start:258.80MB, end 258.63MB, increase: -179.74KB
2026-7-8 16:47:02-debug: 查询 Asset Bundle start, progress: 5%
2026-7-8 16:47:02-debug: // ---- build task 查询 Asset Bundle ---- (5ms)
2026-7-8 16:47:02-log: run build task 查询 Asset Bundle success in 5 ms√, progress: 10%
2026-7-8 16:47:02-debug: // ---- build task 整理部分构建选项内数据到 settings.json ----
2026-7-8 16:47:02-debug: [Build Memory track]: 查询 Asset Bundle start:258.68MB, end 258.92MB, increase: 247.89KB
2026-7-8 16:47:02-debug: 整理部分构建选项内数据到 settings.json start, progress: 10%
2026-7-8 16:47:02-debug: // ---- build task 整理部分构建选项内数据到 settings.json ---- (5ms)
2026-7-8 16:47:02-log: run build task 整理部分构建选项内数据到 settings.json success in 5 ms√, progress: 12%
2026-7-8 16:47:02-debug: [Build Memory track]: 整理部分构建选项内数据到 settings.json start:258.97MB, end 259.01MB, increase: 44.72KB
2026-7-8 16:47:02-debug: 填充脚本数据到 settings.json start, progress: 12%
2026-7-8 16:47:02-debug: // ---- build task 填充脚本数据到 settings.json ----
2026-7-8 16:47:02-debug: // ---- build task 填充脚本数据到 settings.json ---- (4ms)
2026-7-8 16:47:02-log: run build task 填充脚本数据到 settings.json success in 4 ms√, progress: 13%
2026-7-8 16:47:02-debug: // ---- build task 整理部分构建选项内数据到 settings.json ----
2026-7-8 16:47:02-debug: [Build Memory track]: 填充脚本数据到 settings.json start:259.05MB, end 259.09MB, increase: 35.84KB
2026-7-8 16:47:02-debug: 整理部分构建选项内数据到 settings.json start, progress: 13%
2026-7-8 16:47:02-log: run build task 整理部分构建选项内数据到 settings.json success in 4 ms√, progress: 15%
2026-7-8 16:47:02-debug: [Build Memory track]: 整理部分构建选项内数据到 settings.json start:259.13MB, end 259.20MB, increase: 72.57KB
2026-7-8 16:47:02-debug: // ---- build task 整理部分构建选项内数据到 settings.json ---- (4ms)
2026-7-8 16:47:08-debug: %cImport%c: D:\工程项目\PlayableAD\Cocos\TheW\20260615_HYQ\HYQ_Project\assets\Scene\Game_3D-002.scenebackground: #aaff85; color: #000;color: #000;
2026-7-8 16:47:08-debug: asset-db:reimport-assetb5805d3a-3b80-4a12-adf5-588e63a7d886 (30ms)
2026-7-8 16:47:09-debug: Query all assets info in project
2026-7-8 16:47:09-debug: init custom config: keepNodeUuid: false, useCache: true
2026-7-8 16:47:09-debug: Skip compress image, progress: 0%
2026-7-8 16:47:09-debug: Init all bundles start..., progress: 0%
2026-7-8 16:47:09-debug: 查询 Asset Bundle start, progress: 0%
2026-7-8 16:47:09-debug: // ---- build task 查询 Asset Bundle ----
2026-7-8 16:47:09-debug: Init bundle root assets start..., progress: 0%
2026-7-8 16:47:09-debug: Num of bundles: 3..., progress: 0%
2026-7-8 16:47:09-debug: Query preload assets/scripts from cc.config.json: 60f7195c-ec2a-45eb-ba94-8955f60e81d0,1c02ae6f-4492-4915-b8f8-7492a3b1e4cd,810e96e4-e456-4468-9b59-f4e8f39732c0,efe8e2a3-eace-427b-b4f1-cb8a937ec77d,e9aa9a3e-5b2b-4ac7-a2c7-073de2b2b24f,8bbdbcdd-5cd4-4100-b6d5-b7c9625b6107,50f4348b-c883-4e2f-8f11-ce233b859fa1,fda095cb-831d-4601-ad94-846013963de8,f92806d7-1768-443f-afe8-12bcde84d0f0,dd3a144d-ab7f-41f0-82b8-2e43a090d496,f0416e68-0200-4b77-a926-4f9d16e494da,511d2633-09a7-4bdd-ac42-f778032124b3,5d45aa00-e064-4938-b314-4265f0c2258c,9361fd90-ba52-4f84-aa93-6e878fd576ca,970b0598-bcb0-4714-91fb-2e81440dccd8,bcd64cc6-2dd9-43f6-abbe-66318d332032,d930590d-bb92-4cc8-8bd1-23cd027f9edf,a3cd009f-0ab0-420d-9278-b9fdab939bbc,6a2d0734-bd9e-4ddf-946e-caa52498cb75,d1346436-ac96-4271-b863-1f4fdead95b0,971bdb23-3ff6-43eb-b422-1c30165a3663,17debcc3-0a6b-4b8a-b00b-dc58b885581e,711ebe11-f673-4cd9-9a83-63c60ba54c5b,c0143906-9aed-447e-9436-2ae8512d1b6e,14da1725-c4c2-42b4-ab08-ee0aeb6898b3,081cab31-dccd-428e-8652-f2404cc81c47,78e0584a-4343-4727-8f37-e14e65c2a2db,ba21476f-2866-4f81-9c4d-6e359316e448,871c3b6c-7379-419d-bda3-794b239ab90d,ff9b0199-ce04-4cfe-86cc-6c719f08d6e4,de1c2107-70c8-4021-8459-6399f24d01c6,cbf30902-517f-40dc-af90-a550bac27cf1,5c601d96-e4c7-4698-991b-7ee674b11079
2026-7-8 16:47:09-debug:   Number of all scripts: 109
2026-7-8 16:47:09-debug: Init bundle root assets success..., progress: 0%
2026-7-8 16:47:09-debug: // ---- build task 查询 Asset Bundle ---- (16ms)
2026-7-8 16:47:09-log: run build task 查询 Asset Bundle success in 16 ms√, progress: 5%
2026-7-8 16:47:09-debug: [Build Memory track]: 查询 Asset Bundle start:261.17MB, end 261.08MB, increase: -98.10KB
2026-7-8 16:47:09-debug: 查询 Asset Bundle start, progress: 5%
2026-7-8 16:47:09-debug: // ---- build task 查询 Asset Bundle ----
2026-7-8 16:47:09-debug:   Number of all scenes: 5
2026-7-8 16:47:09-debug:   Number of other assets: 1158
2026-7-8 16:47:09-debug: // ---- build task 查询 Asset Bundle ---- (5ms)
2026-7-8 16:47:09-log: run build task 查询 Asset Bundle success in 5 ms√, progress: 10%
2026-7-8 16:47:09-debug: // ---- build task 整理部分构建选项内数据到 settings.json ----
2026-7-8 16:47:09-debug: [Build Memory track]: 查询 Asset Bundle start:261.12MB, end 261.36MB, increase: 242.82KB
2026-7-8 16:47:09-debug: 整理部分构建选项内数据到 settings.json start, progress: 10%
2026-7-8 16:47:09-debug: // ---- build task 整理部分构建选项内数据到 settings.json ---- (2ms)
2026-7-8 16:47:09-log: run build task 整理部分构建选项内数据到 settings.json success in 2 ms√, progress: 12%
2026-7-8 16:47:09-debug: // ---- build task 填充脚本数据到 settings.json ----
2026-7-8 16:47:09-debug: 填充脚本数据到 settings.json start, progress: 12%
2026-7-8 16:47:09-debug: [Build Memory track]: 整理部分构建选项内数据到 settings.json start:261.41MB, end 261.45MB, increase: 46.65KB
2026-7-8 16:47:09-log: run build task 填充脚本数据到 settings.json success in 2 ms√, progress: 13%
2026-7-8 16:47:09-debug: [Build Memory track]: 填充脚本数据到 settings.json start:261.50MB, end 261.53MB, increase: 35.92KB
2026-7-8 16:47:09-debug: 整理部分构建选项内数据到 settings.json start, progress: 13%
2026-7-8 16:47:09-debug: // ---- build task 整理部分构建选项内数据到 settings.json ----
2026-7-8 16:47:09-debug: // ---- build task 填充脚本数据到 settings.json ---- (2ms)
2026-7-8 16:47:09-debug: // ---- build task 整理部分构建选项内数据到 settings.json ---- (5ms)
2026-7-8 16:47:09-log: run build task 整理部分构建选项内数据到 settings.json success in 5 ms√, progress: 15%
2026-7-8 16:47:09-debug: [Build Memory track]: 整理部分构建选项内数据到 settings.json start:261.58MB, end 261.65MB, increase: 72.21KB
2026-7-8 16:47:11-debug: refresh db internal success
2026-7-8 16:47:12-debug: refresh db assets success
2026-7-8 16:47:12-debug: refresh db super-packager success
2026-7-8 16:47:12-debug: Run asset db hook engine-extends:afterRefresh ...
2026-7-8 16:47:12-debug: Run asset db hook engine-extends:afterRefresh success!
2026-7-8 16:47:12-debug: asset-db:refresh-all-database (254ms)
2026-7-8 16:47:12-debug: asset-db:worker-effect-data-processing (2ms)
2026-7-8 16:47:12-debug: asset-db-hook-engine-extends-afterRefresh (3ms)
2026-7-8 16:47:12-debug: %cImport%c: D:\工程项目\PlayableAD\Cocos\TheW\20260615_HYQ\HYQ_Project\assets\Scene\Game_3D-002.scenebackground: #aaff85; color: #000;color: #000;
2026-7-8 16:47:12-debug: asset-db:reimport-assetb5805d3a-3b80-4a12-adf5-588e63a7d886 (26ms)
2026-7-8 16:47:13-debug: Query all assets info in project
2026-7-8 16:47:13-debug: init custom config: keepNodeUuid: false, useCache: true
2026-7-8 16:47:13-debug: Skip compress image, progress: 0%
2026-7-8 16:47:13-debug: Init all bundles start..., progress: 0%
2026-7-8 16:47:13-debug: Num of bundles: 3..., progress: 0%
2026-7-8 16:47:13-debug: 查询 Asset Bundle start, progress: 0%
2026-7-8 16:47:13-debug: Init bundle root assets start..., progress: 0%
2026-7-8 16:47:13-debug: // ---- build task 查询 Asset Bundle ----
2026-7-8 16:47:13-debug: Query preload assets/scripts from cc.config.json: 60f7195c-ec2a-45eb-ba94-8955f60e81d0,1c02ae6f-4492-4915-b8f8-7492a3b1e4cd,810e96e4-e456-4468-9b59-f4e8f39732c0,efe8e2a3-eace-427b-b4f1-cb8a937ec77d,e9aa9a3e-5b2b-4ac7-a2c7-073de2b2b24f,8bbdbcdd-5cd4-4100-b6d5-b7c9625b6107,50f4348b-c883-4e2f-8f11-ce233b859fa1,fda095cb-831d-4601-ad94-846013963de8,f92806d7-1768-443f-afe8-12bcde84d0f0,dd3a144d-ab7f-41f0-82b8-2e43a090d496,f0416e68-0200-4b77-a926-4f9d16e494da,511d2633-09a7-4bdd-ac42-f778032124b3,5d45aa00-e064-4938-b314-4265f0c2258c,9361fd90-ba52-4f84-aa93-6e878fd576ca,970b0598-bcb0-4714-91fb-2e81440dccd8,bcd64cc6-2dd9-43f6-abbe-66318d332032,d930590d-bb92-4cc8-8bd1-23cd027f9edf,a3cd009f-0ab0-420d-9278-b9fdab939bbc,6a2d0734-bd9e-4ddf-946e-caa52498cb75,d1346436-ac96-4271-b863-1f4fdead95b0,971bdb23-3ff6-43eb-b422-1c30165a3663,17debcc3-0a6b-4b8a-b00b-dc58b885581e,711ebe11-f673-4cd9-9a83-63c60ba54c5b,c0143906-9aed-447e-9436-2ae8512d1b6e,14da1725-c4c2-42b4-ab08-ee0aeb6898b3,081cab31-dccd-428e-8652-f2404cc81c47,78e0584a-4343-4727-8f37-e14e65c2a2db,ba21476f-2866-4f81-9c4d-6e359316e448,871c3b6c-7379-419d-bda3-794b239ab90d,ff9b0199-ce04-4cfe-86cc-6c719f08d6e4,de1c2107-70c8-4021-8459-6399f24d01c6,cbf30902-517f-40dc-af90-a550bac27cf1,5c601d96-e4c7-4698-991b-7ee674b11079
2026-7-8 16:47:13-debug:   Number of all scenes: 5
2026-7-8 16:47:13-debug:   Number of all scripts: 109
2026-7-8 16:47:13-debug: Init bundle root assets success..., progress: 0%
2026-7-8 16:47:13-debug:   Number of other assets: 1158
2026-7-8 16:47:13-debug: [Build Memory track]: 查询 Asset Bundle start:247.36MB, end 244.50MB, increase: -2922.48KB
2026-7-8 16:47:13-debug: 查询 Asset Bundle start, progress: 5%
2026-7-8 16:47:13-debug: // ---- build task 查询 Asset Bundle ----
2026-7-8 16:47:13-log: run build task 查询 Asset Bundle success in 19 ms√, progress: 5%
2026-7-8 16:47:13-debug: // ---- build task 查询 Asset Bundle ---- (19ms)
2026-7-8 16:47:13-debug: // ---- build task 查询 Asset Bundle ---- (5ms)
2026-7-8 16:47:13-log: run build task 查询 Asset Bundle success in 5 ms√, progress: 10%
2026-7-8 16:47:13-debug: // ---- build task 整理部分构建选项内数据到 settings.json ----
2026-7-8 16:47:13-debug: [Build Memory track]: 查询 Asset Bundle start:244.55MB, end 244.79MB, increase: 244.02KB
2026-7-8 16:47:13-debug: 整理部分构建选项内数据到 settings.json start, progress: 10%
2026-7-8 16:47:13-debug: // ---- build task 整理部分构建选项内数据到 settings.json ---- (4ms)
2026-7-8 16:47:13-log: run build task 整理部分构建选项内数据到 settings.json success in 4 ms√, progress: 12%
2026-7-8 16:47:13-debug: // ---- build task 填充脚本数据到 settings.json ----
2026-7-8 16:47:13-debug: [Build Memory track]: 整理部分构建选项内数据到 settings.json start:244.83MB, end 244.87MB, increase: 36.76KB
2026-7-8 16:47:13-debug: 填充脚本数据到 settings.json start, progress: 12%
2026-7-8 16:47:13-debug: // ---- build task 填充脚本数据到 settings.json ---- (2ms)
2026-7-8 16:47:13-log: run build task 填充脚本数据到 settings.json success in 2 ms√, progress: 13%
2026-7-8 16:47:13-debug: // ---- build task 整理部分构建选项内数据到 settings.json ----
2026-7-8 16:47:13-debug: [Build Memory track]: 填充脚本数据到 settings.json start:244.91MB, end 244.95MB, increase: 36.01KB
2026-7-8 16:47:13-debug: 整理部分构建选项内数据到 settings.json start, progress: 13%
2026-7-8 16:47:13-debug: // ---- build task 整理部分构建选项内数据到 settings.json ---- (3ms)
2026-7-8 16:47:13-log: run build task 整理部分构建选项内数据到 settings.json success in 3 ms√, progress: 15%
2026-7-8 16:47:13-debug: [Build Memory track]: 整理部分构建选项内数据到 settings.json start:244.99MB, end 245.08MB, increase: 89.48KB
2026-7-8 16:47:36-debug: refresh db internal success
2026-7-8 16:47:36-debug: refresh db assets success
2026-7-8 16:47:36-debug: refresh db super-packager success
2026-7-8 16:47:36-debug: Run asset db hook engine-extends:afterRefresh ...
2026-7-8 16:47:36-debug: Run asset db hook engine-extends:afterRefresh success!
2026-7-8 16:47:36-debug: asset-db:refresh-all-database (191ms)
2026-7-8 16:47:36-debug: asset-db:worker-effect-data-processing (1ms)
2026-7-8 16:47:36-debug: asset-db-hook-engine-extends-afterRefresh (2ms)
2026-7-8 16:47:55-debug: %cImport%c: D:\工程项目\PlayableAD\Cocos\TheW\20260615_HYQ\HYQ_Project\assets\Scene\Game_3D-002.scenebackground: #aaff85; color: #000;color: #000;
2026-7-8 16:47:55-debug: asset-db:reimport-assetb5805d3a-3b80-4a12-adf5-588e63a7d886 (30ms)
2026-7-8 16:47:56-debug: Query all assets info in project
2026-7-8 16:47:56-debug: init custom config: keepNodeUuid: false, useCache: true
2026-7-8 16:47:56-debug: Skip compress image, progress: 0%
2026-7-8 16:47:56-debug: Init all bundles start..., progress: 0%
2026-7-8 16:47:56-debug: // ---- build task 查询 Asset Bundle ----
2026-7-8 16:47:56-debug: Init bundle root assets start..., progress: 0%
2026-7-8 16:47:56-debug: Num of bundles: 3..., progress: 0%
2026-7-8 16:47:56-debug: 查询 Asset Bundle start, progress: 0%
2026-7-8 16:47:56-debug: Query preload assets/scripts from cc.config.json: 60f7195c-ec2a-45eb-ba94-8955f60e81d0,1c02ae6f-4492-4915-b8f8-7492a3b1e4cd,810e96e4-e456-4468-9b59-f4e8f39732c0,efe8e2a3-eace-427b-b4f1-cb8a937ec77d,e9aa9a3e-5b2b-4ac7-a2c7-073de2b2b24f,8bbdbcdd-5cd4-4100-b6d5-b7c9625b6107,50f4348b-c883-4e2f-8f11-ce233b859fa1,fda095cb-831d-4601-ad94-846013963de8,f92806d7-1768-443f-afe8-12bcde84d0f0,dd3a144d-ab7f-41f0-82b8-2e43a090d496,f0416e68-0200-4b77-a926-4f9d16e494da,511d2633-09a7-4bdd-ac42-f778032124b3,5d45aa00-e064-4938-b314-4265f0c2258c,9361fd90-ba52-4f84-aa93-6e878fd576ca,970b0598-bcb0-4714-91fb-2e81440dccd8,bcd64cc6-2dd9-43f6-abbe-66318d332032,d930590d-bb92-4cc8-8bd1-23cd027f9edf,a3cd009f-0ab0-420d-9278-b9fdab939bbc,6a2d0734-bd9e-4ddf-946e-caa52498cb75,d1346436-ac96-4271-b863-1f4fdead95b0,971bdb23-3ff6-43eb-b422-1c30165a3663,17debcc3-0a6b-4b8a-b00b-dc58b885581e,711ebe11-f673-4cd9-9a83-63c60ba54c5b,c0143906-9aed-447e-9436-2ae8512d1b6e,14da1725-c4c2-42b4-ab08-ee0aeb6898b3,081cab31-dccd-428e-8652-f2404cc81c47,78e0584a-4343-4727-8f37-e14e65c2a2db,ba21476f-2866-4f81-9c4d-6e359316e448,871c3b6c-7379-419d-bda3-794b239ab90d,ff9b0199-ce04-4cfe-86cc-6c719f08d6e4,de1c2107-70c8-4021-8459-6399f24d01c6,cbf30902-517f-40dc-af90-a550bac27cf1,5c601d96-e4c7-4698-991b-7ee674b11079
2026-7-8 16:47:56-debug:   Number of all scenes: 5
2026-7-8 16:47:56-debug:   Number of all scripts: 109
2026-7-8 16:47:56-debug:   Number of other assets: 1158
2026-7-8 16:47:56-debug: Init bundle root assets success..., progress: 0%
2026-7-8 16:47:56-log: run build task 查询 Asset Bundle success in 9 ms√, progress: 5%
2026-7-8 16:47:56-debug: // ---- build task 查询 Asset Bundle ---- (9ms)
2026-7-8 16:47:56-debug: [Build Memory track]: 查询 Asset Bundle start:248.35MB, end 248.28MB, increase: -65.64KB
2026-7-8 16:47:56-debug: // ---- build task 查询 Asset Bundle ----
2026-7-8 16:47:56-debug: 查询 Asset Bundle start, progress: 5%
2026-7-8 16:47:56-debug: // ---- build task 查询 Asset Bundle ---- (3ms)
2026-7-8 16:47:56-log: run build task 查询 Asset Bundle success in 3 ms√, progress: 10%
2026-7-8 16:47:56-debug: [Build Memory track]: 查询 Asset Bundle start:248.35MB, end 248.60MB, increase: 251.02KB
2026-7-8 16:47:56-debug: 整理部分构建选项内数据到 settings.json start, progress: 10%
2026-7-8 16:47:56-debug: // ---- build task 整理部分构建选项内数据到 settings.json ----
2026-7-8 16:47:56-log: run build task 整理部分构建选项内数据到 settings.json success in 3 ms√, progress: 12%
2026-7-8 16:47:56-debug: [Build Memory track]: 整理部分构建选项内数据到 settings.json start:248.64MB, end 248.68MB, increase: 36.81KB
2026-7-8 16:47:56-debug: // ---- build task 整理部分构建选项内数据到 settings.json ---- (3ms)
2026-7-8 16:47:56-debug: // ---- build task 填充脚本数据到 settings.json ----
2026-7-8 16:47:56-debug: 填充脚本数据到 settings.json start, progress: 12%
2026-7-8 16:47:56-debug: // ---- build task 填充脚本数据到 settings.json ---- (2ms)
2026-7-8 16:47:56-log: run build task 填充脚本数据到 settings.json success in 2 ms√, progress: 13%
2026-7-8 16:47:56-debug: // ---- build task 整理部分构建选项内数据到 settings.json ----
2026-7-8 16:47:56-debug: 整理部分构建选项内数据到 settings.json start, progress: 13%
2026-7-8 16:47:56-debug: [Build Memory track]: 填充脚本数据到 settings.json start:248.72MB, end 248.76MB, increase: 36.84KB
2026-7-8 16:47:56-log: run build task 整理部分构建选项内数据到 settings.json success in 7 ms√, progress: 15%
2026-7-8 16:47:56-debug: [Build Memory track]: 整理部分构建选项内数据到 settings.json start:248.80MB, end 248.88MB, increase: 75.84KB
2026-7-8 16:47:56-debug: // ---- build task 整理部分构建选项内数据到 settings.json ---- (7ms)
2026-7-8 16:48:35-debug: refresh db internal success
2026-7-8 16:48:35-debug: refresh db assets success
2026-7-8 16:48:35-debug: refresh db super-packager success
2026-7-8 16:48:35-debug: Run asset db hook engine-extends:afterRefresh ...
2026-7-8 16:48:35-debug: Run asset db hook engine-extends:afterRefresh success!
2026-7-8 16:48:35-debug: asset-db:refresh-all-database (179ms)
2026-7-8 16:49:26-debug: refresh db internal success
2026-7-8 16:49:27-debug: refresh db assets success
2026-7-8 16:49:27-debug: refresh db super-packager success
2026-7-8 16:49:27-debug: Run asset db hook engine-extends:afterRefresh ...
2026-7-8 16:49:27-debug: Run asset db hook engine-extends:afterRefresh success!
2026-7-8 16:49:27-debug: asset-db:refresh-all-database (174ms)
2026-7-8 16:49:27-debug: asset-db-hook-engine-extends-afterRefresh (1ms)
2026-7-8 16:49:57-debug: Query all assets info in project
2026-7-8 16:49:57-debug: Skip compress image, progress: 0%
2026-7-8 16:49:57-debug: init custom config: keepNodeUuid: false, useCache: true
2026-7-8 16:49:57-debug: Init all bundles start..., progress: 0%
2026-7-8 16:49:57-debug: 查询 Asset Bundle start, progress: 0%
2026-7-8 16:49:57-debug: // ---- build task 查询 Asset Bundle ----
2026-7-8 16:49:57-debug: Init bundle root assets start..., progress: 0%
2026-7-8 16:49:57-debug: Num of bundles: 3..., progress: 0%
2026-7-8 16:49:57-debug: Query preload assets/scripts from cc.config.json: 60f7195c-ec2a-45eb-ba94-8955f60e81d0,1c02ae6f-4492-4915-b8f8-7492a3b1e4cd,810e96e4-e456-4468-9b59-f4e8f39732c0,efe8e2a3-eace-427b-b4f1-cb8a937ec77d,e9aa9a3e-5b2b-4ac7-a2c7-073de2b2b24f,8bbdbcdd-5cd4-4100-b6d5-b7c9625b6107,50f4348b-c883-4e2f-8f11-ce233b859fa1,fda095cb-831d-4601-ad94-846013963de8,f92806d7-1768-443f-afe8-12bcde84d0f0,dd3a144d-ab7f-41f0-82b8-2e43a090d496,f0416e68-0200-4b77-a926-4f9d16e494da,511d2633-09a7-4bdd-ac42-f778032124b3,5d45aa00-e064-4938-b314-4265f0c2258c,9361fd90-ba52-4f84-aa93-6e878fd576ca,970b0598-bcb0-4714-91fb-2e81440dccd8,bcd64cc6-2dd9-43f6-abbe-66318d332032,d930590d-bb92-4cc8-8bd1-23cd027f9edf,a3cd009f-0ab0-420d-9278-b9fdab939bbc,6a2d0734-bd9e-4ddf-946e-caa52498cb75,d1346436-ac96-4271-b863-1f4fdead95b0,971bdb23-3ff6-43eb-b422-1c30165a3663,17debcc3-0a6b-4b8a-b00b-dc58b885581e,711ebe11-f673-4cd9-9a83-63c60ba54c5b,c0143906-9aed-447e-9436-2ae8512d1b6e,14da1725-c4c2-42b4-ab08-ee0aeb6898b3,081cab31-dccd-428e-8652-f2404cc81c47,78e0584a-4343-4727-8f37-e14e65c2a2db,ba21476f-2866-4f81-9c4d-6e359316e448,871c3b6c-7379-419d-bda3-794b239ab90d,ff9b0199-ce04-4cfe-86cc-6c719f08d6e4,de1c2107-70c8-4021-8459-6399f24d01c6,cbf30902-517f-40dc-af90-a550bac27cf1,5c601d96-e4c7-4698-991b-7ee674b11079
2026-7-8 16:49:57-debug:   Number of other assets: 1158
2026-7-8 16:49:57-debug: Init bundle root assets success..., progress: 0%
2026-7-8 16:49:57-debug:   Number of all scripts: 109
2026-7-8 16:49:57-debug:   Number of all scenes: 5
2026-7-8 16:49:57-debug: // ---- build task 查询 Asset Bundle ---- (15ms)
2026-7-8 16:49:57-log: run build task 查询 Asset Bundle success in 15 ms√, progress: 5%
2026-7-8 16:49:57-debug: // ---- build task 查询 Asset Bundle ----
2026-7-8 16:49:57-debug: 查询 Asset Bundle start, progress: 5%
2026-7-8 16:49:57-debug: [Build Memory track]: 查询 Asset Bundle start:254.30MB, end 254.05MB, increase: -256.38KB
2026-7-8 16:49:57-debug: // ---- build task 查询 Asset Bundle ---- (6ms)
2026-7-8 16:49:57-log: run build task 查询 Asset Bundle success in 6 ms√, progress: 10%
2026-7-8 16:49:57-debug: [Build Memory track]: 查询 Asset Bundle start:254.09MB, end 254.32MB, increase: 240.21KB
2026-7-8 16:49:57-debug: 整理部分构建选项内数据到 settings.json start, progress: 10%
2026-7-8 16:49:57-debug: // ---- build task 整理部分构建选项内数据到 settings.json ----
2026-7-8 16:49:57-debug: // ---- build task 整理部分构建选项内数据到 settings.json ---- (2ms)
2026-7-8 16:49:57-log: run build task 整理部分构建选项内数据到 settings.json success in 2 ms√, progress: 12%
2026-7-8 16:49:57-debug: // ---- build task 填充脚本数据到 settings.json ----
2026-7-8 16:49:57-debug: 填充脚本数据到 settings.json start, progress: 12%
2026-7-8 16:49:57-debug: [Build Memory track]: 整理部分构建选项内数据到 settings.json start:254.35MB, end 254.38MB, increase: 30.84KB
2026-7-8 16:49:57-debug: // ---- build task 填充脚本数据到 settings.json ---- (2ms)
2026-7-8 16:49:57-log: run build task 填充脚本数据到 settings.json success in 2 ms√, progress: 13%
2026-7-8 16:49:57-debug: // ---- build task 整理部分构建选项内数据到 settings.json ----
2026-7-8 16:49:57-debug: [Build Memory track]: 填充脚本数据到 settings.json start:254.42MB, end 254.45MB, increase: 29.03KB
2026-7-8 16:49:57-debug: 整理部分构建选项内数据到 settings.json start, progress: 13%
2026-7-8 16:49:57-debug: // ---- build task 整理部分构建选项内数据到 settings.json ---- (5ms)
2026-7-8 16:49:57-debug: [Build Memory track]: 整理部分构建选项内数据到 settings.json start:254.49MB, end 254.55MB, increase: 66.99KB
2026-7-8 16:49:57-log: run build task 整理部分构建选项内数据到 settings.json success in 5 ms√, progress: 15%
2026-7-8 16:54:32-debug: Query all assets info in project
2026-7-8 16:54:32-debug: init custom config: keepNodeUuid: false, useCache: true
2026-7-8 16:54:32-debug: Skip compress image, progress: 0%
2026-7-8 16:54:32-debug: Num of bundles: 3..., progress: 0%
2026-7-8 16:54:32-debug: 查询 Asset Bundle start, progress: 0%
2026-7-8 16:54:32-debug: // ---- build task 查询 Asset Bundle ----
2026-7-8 16:54:32-debug: Init all bundles start..., progress: 0%
2026-7-8 16:54:32-debug: Init bundle root assets start..., progress: 0%
2026-7-8 16:54:32-debug: Query preload assets/scripts from cc.config.json: 60f7195c-ec2a-45eb-ba94-8955f60e81d0,1c02ae6f-4492-4915-b8f8-7492a3b1e4cd,810e96e4-e456-4468-9b59-f4e8f39732c0,efe8e2a3-eace-427b-b4f1-cb8a937ec77d,e9aa9a3e-5b2b-4ac7-a2c7-073de2b2b24f,8bbdbcdd-5cd4-4100-b6d5-b7c9625b6107,50f4348b-c883-4e2f-8f11-ce233b859fa1,fda095cb-831d-4601-ad94-846013963de8,f92806d7-1768-443f-afe8-12bcde84d0f0,dd3a144d-ab7f-41f0-82b8-2e43a090d496,f0416e68-0200-4b77-a926-4f9d16e494da,511d2633-09a7-4bdd-ac42-f778032124b3,5d45aa00-e064-4938-b314-4265f0c2258c,9361fd90-ba52-4f84-aa93-6e878fd576ca,970b0598-bcb0-4714-91fb-2e81440dccd8,bcd64cc6-2dd9-43f6-abbe-66318d332032,d930590d-bb92-4cc8-8bd1-23cd027f9edf,a3cd009f-0ab0-420d-9278-b9fdab939bbc,6a2d0734-bd9e-4ddf-946e-caa52498cb75,d1346436-ac96-4271-b863-1f4fdead95b0,971bdb23-3ff6-43eb-b422-1c30165a3663,17debcc3-0a6b-4b8a-b00b-dc58b885581e,711ebe11-f673-4cd9-9a83-63c60ba54c5b,c0143906-9aed-447e-9436-2ae8512d1b6e,14da1725-c4c2-42b4-ab08-ee0aeb6898b3,081cab31-dccd-428e-8652-f2404cc81c47,78e0584a-4343-4727-8f37-e14e65c2a2db,ba21476f-2866-4f81-9c4d-6e359316e448,871c3b6c-7379-419d-bda3-794b239ab90d,ff9b0199-ce04-4cfe-86cc-6c719f08d6e4,de1c2107-70c8-4021-8459-6399f24d01c6,cbf30902-517f-40dc-af90-a550bac27cf1,5c601d96-e4c7-4698-991b-7ee674b11079
2026-7-8 16:54:32-debug:   Number of all scenes: 5
2026-7-8 16:54:32-debug:   Number of all scripts: 109
2026-7-8 16:54:32-debug:   Number of other assets: 1158
2026-7-8 16:54:32-debug: Init bundle root assets success..., progress: 0%
2026-7-8 16:54:32-debug: // ---- build task 查询 Asset Bundle ---- (13ms)
2026-7-8 16:54:32-log: run build task 查询 Asset Bundle success in 13 ms√, progress: 5%
2026-7-8 16:54:32-debug: [Build Memory track]: 查询 Asset Bundle start:253.61MB, end 254.28MB, increase: 692.00KB
2026-7-8 16:54:32-debug: // ---- build task 查询 Asset Bundle ----
2026-7-8 16:54:32-debug: 查询 Asset Bundle start, progress: 5%
2026-7-8 16:54:32-debug: // ---- build task 查询 Asset Bundle ---- (6ms)
2026-7-8 16:54:32-log: run build task 查询 Asset Bundle success in 6 ms√, progress: 10%
2026-7-8 16:54:32-debug: // ---- build task 整理部分构建选项内数据到 settings.json ----
2026-7-8 16:54:32-debug: [Build Memory track]: 查询 Asset Bundle start:254.32MB, end 253.82MB, increase: -508.60KB
2026-7-8 16:54:32-debug: 整理部分构建选项内数据到 settings.json start, progress: 10%
2026-7-8 16:54:32-debug: // ---- build task 整理部分构建选项内数据到 settings.json ---- (2ms)
2026-7-8 16:54:32-log: run build task 整理部分构建选项内数据到 settings.json success in 2 ms√, progress: 12%
2026-7-8 16:54:32-debug: // ---- build task 填充脚本数据到 settings.json ----
2026-7-8 16:54:32-debug: [Build Memory track]: 整理部分构建选项内数据到 settings.json start:253.86MB, end 253.90MB, increase: 41.62KB
2026-7-8 16:54:32-debug: 填充脚本数据到 settings.json start, progress: 12%
2026-7-8 16:54:32-debug: // ---- build task 填充脚本数据到 settings.json ---- (1ms)
2026-7-8 16:54:32-log: run build task 填充脚本数据到 settings.json success in 1 ms√, progress: 13%
2026-7-8 16:54:32-debug: // ---- build task 整理部分构建选项内数据到 settings.json ----
2026-7-8 16:54:32-debug: [Build Memory track]: 填充脚本数据到 settings.json start:253.93MB, end 253.96MB, increase: 28.93KB
2026-7-8 16:54:32-debug: 整理部分构建选项内数据到 settings.json start, progress: 13%
2026-7-8 16:54:32-debug: // ---- build task 整理部分构建选项内数据到 settings.json ---- (5ms)
2026-7-8 16:54:32-log: run build task 整理部分构建选项内数据到 settings.json success in 5 ms√, progress: 15%
2026-7-8 16:54:32-debug: [Build Memory track]: 整理部分构建选项内数据到 settings.json start:253.99MB, end 254.06MB, increase: 65.27KB
2026-7-8 16:56:09-debug: refresh db internal success
2026-7-8 16:56:09-debug: refresh db assets success
2026-7-8 16:56:09-debug: refresh db super-packager success
2026-7-8 16:56:09-debug: Run asset db hook engine-extends:afterRefresh ...
2026-7-8 16:56:09-debug: Run asset db hook engine-extends:afterRefresh success!
2026-7-8 16:56:09-debug: asset-db:refresh-all-database (216ms)
2026-7-8 16:56:09-debug: asset-db:worker-effect-data-processing (1ms)
2026-7-8 16:56:09-debug: asset-db-hook-engine-extends-afterRefresh (2ms)
2026-7-8 17:02:38-debug: refresh db internal success
2026-7-8 17:02:39-debug: refresh db assets success
2026-7-8 17:02:39-debug: refresh db super-packager success
2026-7-8 17:02:39-debug: Run asset db hook engine-extends:afterRefresh ...
2026-7-8 17:02:39-debug: Run asset db hook engine-extends:afterRefresh success!
2026-7-8 17:02:39-debug: asset-db:refresh-all-database (223ms)
2026-7-8 17:02:39-debug: asset-db:worker-effect-data-processing (2ms)
2026-7-8 17:02:39-debug: asset-db-hook-engine-extends-afterRefresh (3ms)
2026-7-8 17:02:41-debug: refresh db internal success
2026-7-8 17:02:41-debug: refresh db assets success
2026-7-8 17:02:41-debug: refresh db super-packager success
2026-7-8 17:02:41-debug: Run asset db hook engine-extends:afterRefresh ...
2026-7-8 17:02:41-debug: Run asset db hook engine-extends:afterRefresh success!
2026-7-8 17:02:41-debug: asset-db:refresh-all-database (190ms)
2026-7-8 17:02:41-debug: asset-db:worker-effect-data-processing (1ms)
2026-7-8 17:02:41-debug: asset-db-hook-engine-extends-afterRefresh (1ms)
2026-7-8 17:06:20-debug: refresh db internal success
2026-7-8 17:06:20-debug: refresh db assets success
2026-7-8 17:06:20-debug: refresh db super-packager success
2026-7-8 17:06:20-debug: Run asset db hook engine-extends:afterRefresh ...
2026-7-8 17:06:20-debug: Run asset db hook engine-extends:afterRefresh success!
2026-7-8 17:06:20-debug: asset-db:refresh-all-database (243ms)
2026-7-8 17:06:20-debug: asset-db:worker-effect-data-processing (2ms)
2026-7-8 17:06:20-debug: asset-db-hook-engine-extends-afterRefresh (2ms)
2026-7-8 17:11:50-debug: refresh db internal success
2026-7-8 17:11:50-debug: %cImport%c: D:\工程项目\PlayableAD\Cocos\TheW\20260615_HYQ\HYQ_Project\assets\Script\functionS\Player\Player.tsbackground: #aaff85; color: #000;color: #000;
2026-7-8 17:11:50-debug: refresh db assets success
2026-7-8 17:11:50-debug: Run asset db hook engine-extends:afterRefresh ...
2026-7-8 17:11:50-debug: refresh db super-packager success
2026-7-8 17:11:50-debug: Run asset db hook engine-extends:afterRefresh success!
2026-7-8 17:11:50-debug: asset-db:worker-effect-data-processing (1ms)
2026-7-8 17:11:50-debug: asset-db-hook-engine-extends-afterRefresh (2ms)
2026-7-8 17:11:50-debug: asset-db:refresh-all-database (220ms)
2026-7-8 17:11:53-debug: Query all assets info in project
2026-7-8 17:11:53-debug: init custom config: keepNodeUuid: false, useCache: true
2026-7-8 17:11:53-debug: Skip compress image, progress: 0%
2026-7-8 17:11:53-debug: Init all bundles start..., progress: 0%
2026-7-8 17:11:53-debug: Num of bundles: 3..., progress: 0%
2026-7-8 17:11:53-debug: 查询 Asset Bundle start, progress: 0%
2026-7-8 17:11:53-debug: Init bundle root assets start..., progress: 0%
2026-7-8 17:11:53-debug: // ---- build task 查询 Asset Bundle ----
2026-7-8 17:11:53-debug: Query preload assets/scripts from cc.config.json: 60f7195c-ec2a-45eb-ba94-8955f60e81d0,1c02ae6f-4492-4915-b8f8-7492a3b1e4cd,810e96e4-e456-4468-9b59-f4e8f39732c0,efe8e2a3-eace-427b-b4f1-cb8a937ec77d,e9aa9a3e-5b2b-4ac7-a2c7-073de2b2b24f,8bbdbcdd-5cd4-4100-b6d5-b7c9625b6107,50f4348b-c883-4e2f-8f11-ce233b859fa1,fda095cb-831d-4601-ad94-846013963de8,f92806d7-1768-443f-afe8-12bcde84d0f0,dd3a144d-ab7f-41f0-82b8-2e43a090d496,f0416e68-0200-4b77-a926-4f9d16e494da,511d2633-09a7-4bdd-ac42-f778032124b3,5d45aa00-e064-4938-b314-4265f0c2258c,9361fd90-ba52-4f84-aa93-6e878fd576ca,970b0598-bcb0-4714-91fb-2e81440dccd8,bcd64cc6-2dd9-43f6-abbe-66318d332032,d930590d-bb92-4cc8-8bd1-23cd027f9edf,a3cd009f-0ab0-420d-9278-b9fdab939bbc,6a2d0734-bd9e-4ddf-946e-caa52498cb75,d1346436-ac96-4271-b863-1f4fdead95b0,971bdb23-3ff6-43eb-b422-1c30165a3663,17debcc3-0a6b-4b8a-b00b-dc58b885581e,711ebe11-f673-4cd9-9a83-63c60ba54c5b,c0143906-9aed-447e-9436-2ae8512d1b6e,14da1725-c4c2-42b4-ab08-ee0aeb6898b3,081cab31-dccd-428e-8652-f2404cc81c47,78e0584a-4343-4727-8f37-e14e65c2a2db,ba21476f-2866-4f81-9c4d-6e359316e448,871c3b6c-7379-419d-bda3-794b239ab90d,ff9b0199-ce04-4cfe-86cc-6c719f08d6e4,de1c2107-70c8-4021-8459-6399f24d01c6,cbf30902-517f-40dc-af90-a550bac27cf1,5c601d96-e4c7-4698-991b-7ee674b11079
2026-7-8 17:11:53-debug:   Number of all scenes: 5
2026-7-8 17:11:53-debug:   Number of all scripts: 109
2026-7-8 17:11:53-debug:   Number of other assets: 1158
2026-7-8 17:11:53-debug: Init bundle root assets success..., progress: 0%
2026-7-8 17:11:53-debug: // ---- build task 查询 Asset Bundle ---- (14ms)
2026-7-8 17:11:53-log: run build task 查询 Asset Bundle success in 14 ms√, progress: 5%
2026-7-8 17:11:53-debug: [Build Memory track]: 查询 Asset Bundle start:263.77MB, end 265.33MB, increase: 1.56MB
2026-7-8 17:11:53-debug: 查询 Asset Bundle start, progress: 5%
2026-7-8 17:11:53-debug: // ---- build task 查询 Asset Bundle ----
2026-7-8 17:11:53-debug: // ---- build task 查询 Asset Bundle ---- (6ms)
2026-7-8 17:11:53-log: run build task 查询 Asset Bundle success in 6 ms√, progress: 10%
2026-7-8 17:11:53-debug: // ---- build task 整理部分构建选项内数据到 settings.json ----
2026-7-8 17:11:53-debug: [Build Memory track]: 查询 Asset Bundle start:265.36MB, end 265.59MB, increase: 238.20KB
2026-7-8 17:11:53-debug: 整理部分构建选项内数据到 settings.json start, progress: 10%
2026-7-8 17:11:53-debug: // ---- build task 整理部分构建选项内数据到 settings.json ---- (2ms)
2026-7-8 17:11:53-log: run build task 整理部分构建选项内数据到 settings.json success in 2 ms√, progress: 12%
2026-7-8 17:11:53-debug: // ---- build task 填充脚本数据到 settings.json ----
2026-7-8 17:11:53-debug: [Build Memory track]: 整理部分构建选项内数据到 settings.json start:265.63MB, end 265.67MB, increase: 37.43KB
2026-7-8 17:11:53-debug: 填充脚本数据到 settings.json start, progress: 12%
2026-7-8 17:11:53-debug: // ---- build task 填充脚本数据到 settings.json ---- (1ms)
2026-7-8 17:11:53-log: run build task 填充脚本数据到 settings.json success in 1 ms√, progress: 13%
2026-7-8 17:11:53-debug: // ---- build task 整理部分构建选项内数据到 settings.json ----
2026-7-8 17:11:53-debug: [Build Memory track]: 填充脚本数据到 settings.json start:265.70MB, end 265.73MB, increase: 28.91KB
2026-7-8 17:11:53-debug: 整理部分构建选项内数据到 settings.json start, progress: 13%
2026-7-8 17:11:53-debug: // ---- build task 整理部分构建选项内数据到 settings.json ---- (5ms)
2026-7-8 17:11:53-log: run build task 整理部分构建选项内数据到 settings.json success in 5 ms√, progress: 15%
2026-7-8 17:11:53-debug: [Build Memory track]: 整理部分构建选项内数据到 settings.json start:265.76MB, end 265.84MB, increase: 76.55KB
2026-7-8 17:15:51-debug: refresh db internal success
2026-7-8 17:15:52-debug: %cImport%c: D:\工程项目\PlayableAD\Cocos\TheW\20260615_HYQ\HYQ_Project\assets\Script\functionS\Player\Player.tsbackground: #aaff85; color: #000;color: #000;
2026-7-8 17:15:52-debug: refresh db assets success
2026-7-8 17:15:52-debug: refresh db super-packager success
2026-7-8 17:15:52-debug: Run asset db hook engine-extends:afterRefresh ...
2026-7-8 17:15:52-debug: Run asset db hook engine-extends:afterRefresh success!
2026-7-8 17:15:52-debug: asset-db:worker-effect-data-processing (2ms)
2026-7-8 17:15:52-debug: asset-db-hook-engine-extends-afterRefresh (3ms)
2026-7-8 17:15:52-debug: asset-db:refresh-all-database (229ms)
2026-7-8 17:15:55-debug: Query all assets info in project
2026-7-8 17:15:55-debug: init custom config: keepNodeUuid: false, useCache: true
2026-7-8 17:15:55-debug: Skip compress image, progress: 0%
2026-7-8 17:15:55-debug: Init all bundles start..., progress: 0%
2026-7-8 17:15:55-debug: Num of bundles: 3..., progress: 0%
2026-7-8 17:15:55-debug: 查询 Asset Bundle start, progress: 0%
2026-7-8 17:15:55-debug: // ---- build task 查询 Asset Bundle ----
2026-7-8 17:15:55-debug: Init bundle root assets start..., progress: 0%
2026-7-8 17:15:55-debug: Query preload assets/scripts from cc.config.json: 60f7195c-ec2a-45eb-ba94-8955f60e81d0,1c02ae6f-4492-4915-b8f8-7492a3b1e4cd,810e96e4-e456-4468-9b59-f4e8f39732c0,efe8e2a3-eace-427b-b4f1-cb8a937ec77d,e9aa9a3e-5b2b-4ac7-a2c7-073de2b2b24f,8bbdbcdd-5cd4-4100-b6d5-b7c9625b6107,50f4348b-c883-4e2f-8f11-ce233b859fa1,fda095cb-831d-4601-ad94-846013963de8,f92806d7-1768-443f-afe8-12bcde84d0f0,dd3a144d-ab7f-41f0-82b8-2e43a090d496,f0416e68-0200-4b77-a926-4f9d16e494da,511d2633-09a7-4bdd-ac42-f778032124b3,5d45aa00-e064-4938-b314-4265f0c2258c,9361fd90-ba52-4f84-aa93-6e878fd576ca,970b0598-bcb0-4714-91fb-2e81440dccd8,bcd64cc6-2dd9-43f6-abbe-66318d332032,d930590d-bb92-4cc8-8bd1-23cd027f9edf,a3cd009f-0ab0-420d-9278-b9fdab939bbc,6a2d0734-bd9e-4ddf-946e-caa52498cb75,d1346436-ac96-4271-b863-1f4fdead95b0,971bdb23-3ff6-43eb-b422-1c30165a3663,17debcc3-0a6b-4b8a-b00b-dc58b885581e,711ebe11-f673-4cd9-9a83-63c60ba54c5b,c0143906-9aed-447e-9436-2ae8512d1b6e,14da1725-c4c2-42b4-ab08-ee0aeb6898b3,081cab31-dccd-428e-8652-f2404cc81c47,78e0584a-4343-4727-8f37-e14e65c2a2db,ba21476f-2866-4f81-9c4d-6e359316e448,871c3b6c-7379-419d-bda3-794b239ab90d,ff9b0199-ce04-4cfe-86cc-6c719f08d6e4,de1c2107-70c8-4021-8459-6399f24d01c6,cbf30902-517f-40dc-af90-a550bac27cf1,5c601d96-e4c7-4698-991b-7ee674b11079
2026-7-8 17:15:55-debug:   Number of all scenes: 5
2026-7-8 17:15:55-debug:   Number of all scripts: 109
2026-7-8 17:15:55-debug:   Number of other assets: 1158
2026-7-8 17:15:55-debug: Init bundle root assets success..., progress: 0%
2026-7-8 17:15:55-debug: // ---- build task 查询 Asset Bundle ---- (16ms)
2026-7-8 17:15:55-log: run build task 查询 Asset Bundle success in 16 ms√, progress: 5%
2026-7-8 17:15:55-debug: [Build Memory track]: 查询 Asset Bundle start:243.06MB, end 244.66MB, increase: 1.60MB
2026-7-8 17:15:55-debug: 查询 Asset Bundle start, progress: 5%
2026-7-8 17:15:55-debug: // ---- build task 查询 Asset Bundle ----
2026-7-8 17:15:55-log: run build task 查询 Asset Bundle success in 5 ms√, progress: 10%
2026-7-8 17:15:55-debug: // ---- build task 查询 Asset Bundle ---- (5ms)
2026-7-8 17:15:55-debug: [Build Memory track]: 查询 Asset Bundle start:244.70MB, end 244.95MB, increase: 262.23KB
2026-7-8 17:15:55-debug: 整理部分构建选项内数据到 settings.json start, progress: 10%
2026-7-8 17:15:55-debug: // ---- build task 整理部分构建选项内数据到 settings.json ----
2026-7-8 17:15:55-debug: // ---- build task 整理部分构建选项内数据到 settings.json ---- (4ms)
2026-7-8 17:15:55-log: run build task 整理部分构建选项内数据到 settings.json success in 4 ms√, progress: 12%
2026-7-8 17:15:55-debug: [Build Memory track]: 整理部分构建选项内数据到 settings.json start:244.99MB, end 245.02MB, increase: 33.51KB
2026-7-8 17:15:55-debug: 填充脚本数据到 settings.json start, progress: 12%
2026-7-8 17:15:55-debug: // ---- build task 填充脚本数据到 settings.json ----
2026-7-8 17:15:55-debug: // ---- build task 填充脚本数据到 settings.json ---- (2ms)
2026-7-8 17:15:55-log: run build task 填充脚本数据到 settings.json success in 2 ms√, progress: 13%
2026-7-8 17:15:55-debug: [Build Memory track]: 填充脚本数据到 settings.json start:245.05MB, end 245.09MB, increase: 33.85KB
2026-7-8 17:15:55-debug: // ---- build task 整理部分构建选项内数据到 settings.json ----
2026-7-8 17:15:55-debug: 整理部分构建选项内数据到 settings.json start, progress: 13%
2026-7-8 17:15:55-log: run build task 整理部分构建选项内数据到 settings.json success in 16 ms√, progress: 15%
2026-7-8 17:15:55-debug: [Build Memory track]: 整理部分构建选项内数据到 settings.json start:245.12MB, end 245.19MB, increase: 72.53KB
2026-7-8 17:15:55-debug: // ---- build task 整理部分构建选项内数据到 settings.json ---- (16ms)
