2026-6-29 09:18:20-log: Cannot access game frame or container.
2026-6-29 09:18:21-debug: asset-db:require-engine-code (1849ms)
2026-6-29 09:18:21-log: meshopt wasm decoder initialized
2026-6-29 09:18:21-log: [bullet]:bullet wasm lib loaded.
2026-6-29 09:18:21-log: [box2d]:box2d wasm lib loaded.
2026-6-29 09:18:21-log: Cocos Creator v3.8.7
2026-6-29 09:18:21-log: Using legacy pipeline
2026-6-29 09:18:21-log: Forward render pipeline initialized.
2026-6-29 09:18:21-debug: [Assets Memory track]: asset-db:worker-init: initEngine start:29.06MB, end 79.71MB, increase: 50.65MB
2026-6-29 09:18:23-debug: [Assets Memory track]: asset-db:worker-init: initPlugin start:79.75MB, end 244.88MB, increase: 165.12MB
2026-6-29 09:18:23-debug: asset-db:worker-init: initPlugin (2296ms)
2026-6-29 09:18:23-debug: Run asset db hook programming:beforePreStart ...
2026-6-29 09:18:23-debug: [Assets Memory track]: asset-db:worker-init start:29.05MB, end 240.50MB, increase: 211.45MB
2026-6-29 09:18:23-debug: Run asset db hook programming:beforePreStart success!
2026-6-29 09:18:23-debug: Run asset db hook engine-extends:beforePreStart ...
2026-6-29 09:18:23-debug: Run asset db hook engine-extends:beforePreStart success!
2026-6-29 09:18:24-debug: Preimport db  success
2026-6-29 09:18:24-debug: Preimport db  success
2026-6-29 09:18:24-debug: Preimport db  success
2026-6-29 09:18:24-debug: Run asset db hook programming:afterPreStart ...
2026-6-29 09:18:24-debug: starting packer-driver...
2026-6-29 09:18:24-debug: asset-db:worker-init (4572ms)
2026-6-29 09:18:24-debug: asset-db-hook-programming-beforePreStart (211ms)
2026-6-29 09:18:24-debug: asset-db-hook-engine-extends-beforePreStart (211ms)
2026-6-29 09:18:24-debug: initialize scripting environment...
2026-6-29 09:18:24-debug: [[Executor]] prepare before lock
2026-6-29 09:18:24-debug: Set detail map pack:///resolution-detail-map.json: {}
2026-6-29 09:18:24-debug: [[Executor]] prepare after unlock
2026-6-29 09:18:24-debug: Run asset db hook programming:afterPreStart success!
2026-6-29 09:18:24-debug: Run asset db hook engine-extends:afterPreStart success!
2026-6-29 09:18:24-debug: [Assets Memory track]: asset-db:worker-init: preStart start:240.52MB, end 243.50MB, increase: 2.98MB
2026-6-29 09:18:24-debug: Run asset db hook engine-extends:afterPreStart ...
2026-6-29 09:18:24-debug: Start up the 'internal' database...
2026-6-29 09:18:30-debug: asset-db-hook-programming-afterPreStart (5957ms)
2026-6-29 09:18:30-debug: asset-db:worker-effect-data-processing (5391ms)
2026-6-29 09:18:30-debug: asset-db-hook-engine-extends-afterPreStart (5391ms)
2026-6-29 09:18:31-debug: Run asset db hook engine-extends:afterStartDB ...
2026-6-29 09:18:32-debug: recompile effect.bin success
2026-6-29 09:18:32-debug: Run asset db hook engine-extends:afterStartDB success!
2026-6-29 09:18:32-debug: Start up the 'assets' database...
2026-6-29 09:18:39-debug: asset-db:worker-effect-data-processing (7789ms)
2026-6-29 09:18:39-debug: asset-db-hook-engine-extends-afterStartDB (7791ms)
2026-6-29 09:18:39-debug: Run asset db hook engine-extends:afterStartDB ...
2026-6-29 09:18:40-debug: recompile effect.bin success
2026-6-29 09:18:40-debug: Run asset db hook engine-extends:afterStartDB success!
2026-6-29 09:18:40-debug: Start up the 'super-packager' database...
2026-6-29 09:18:40-debug: asset-db:worker-effect-data-processing (996ms)
2026-6-29 09:18:40-debug: asset-db-hook-engine-extends-afterStartDB (997ms)
2026-6-29 09:18:40-debug: Run asset db hook engine-extends:afterStartDB ...
2026-6-29 09:18:41-debug: recompile effect.bin success
2026-6-29 09:18:41-debug: lazy register asset handler *
2026-6-29 09:18:41-debug: lazy register asset handler directory
2026-6-29 09:18:41-debug: Run asset db hook engine-extends:afterStartDB success!
2026-6-29 09:18:41-debug: lazy register asset handler json
2026-6-29 09:18:41-debug: lazy register asset handler dragonbones-atlas
2026-6-29 09:18:41-debug: lazy register asset handler dragonbones
2026-6-29 09:18:41-debug: lazy register asset handler spine-data
2026-6-29 09:18:41-debug: lazy register asset handler terrain
2026-6-29 09:18:41-debug: lazy register asset handler text
2026-6-29 09:18:41-debug: lazy register asset handler typescript
2026-6-29 09:18:41-debug: lazy register asset handler scene
2026-6-29 09:18:41-debug: lazy register asset handler prefab
2026-6-29 09:18:41-debug: lazy register asset handler javascript
2026-6-29 09:18:41-debug: lazy register asset handler sprite-frame
2026-6-29 09:18:41-debug: lazy register asset handler buffer
2026-6-29 09:18:41-debug: lazy register asset handler tiled-map
2026-6-29 09:18:41-debug: lazy register asset handler image
2026-6-29 09:18:41-debug: lazy register asset handler sign-image
2026-6-29 09:18:41-debug: lazy register asset handler alpha-image
2026-6-29 09:18:41-debug: lazy register asset handler texture
2026-6-29 09:18:41-debug: lazy register asset handler texture-cube
2026-6-29 09:18:41-debug: lazy register asset handler erp-texture-cube
2026-6-29 09:18:41-debug: lazy register asset handler render-texture
2026-6-29 09:18:41-debug: lazy register asset handler texture-cube-face
2026-6-29 09:18:41-debug: lazy register asset handler gltf
2026-6-29 09:18:41-debug: lazy register asset handler rt-sprite-frame
2026-6-29 09:18:41-debug: lazy register asset handler gltf-mesh
2026-6-29 09:18:41-debug: lazy register asset handler gltf-animation
2026-6-29 09:18:41-debug: lazy register asset handler gltf-skeleton
2026-6-29 09:18:41-debug: lazy register asset handler gltf-material
2026-6-29 09:18:41-debug: lazy register asset handler gltf-scene
2026-6-29 09:18:41-debug: lazy register asset handler fbx
2026-6-29 09:18:41-debug: lazy register asset handler material
2026-6-29 09:18:41-debug: lazy register asset handler physics-material
2026-6-29 09:18:41-debug: lazy register asset handler effect
2026-6-29 09:18:41-debug: lazy register asset handler effect-header
2026-6-29 09:18:41-debug: lazy register asset handler gltf-embeded-image
2026-6-29 09:18:41-debug: lazy register asset handler animation-clip
2026-6-29 09:18:41-debug: lazy register asset handler audio-clip
2026-6-29 09:18:41-debug: lazy register asset handler animation-graph
2026-6-29 09:18:41-debug: lazy register asset handler animation-graph-variant
2026-6-29 09:18:41-debug: lazy register asset handler animation-mask
2026-6-29 09:18:41-debug: lazy register asset handler bitmap-font
2026-6-29 09:18:41-debug: lazy register asset handler ttf-font
2026-6-29 09:18:41-debug: lazy register asset handler sprite-atlas
2026-6-29 09:18:41-debug: lazy register asset handler particle
2026-6-29 09:18:41-debug: lazy register asset handler auto-atlas
2026-6-29 09:18:41-debug: lazy register asset handler render-pipeline
2026-6-29 09:18:41-debug: lazy register asset handler render-stage
2026-6-29 09:18:41-debug: lazy register asset handler label-atlas
2026-6-29 09:18:41-debug: lazy register asset handler instantiation-material
2026-6-29 09:18:41-debug: lazy register asset handler render-flow
2026-6-29 09:18:41-debug: lazy register asset handler instantiation-animation
2026-6-29 09:18:41-debug: lazy register asset handler instantiation-mesh
2026-6-29 09:18:41-debug: lazy register asset handler instantiation-skeleton
2026-6-29 09:18:41-debug: lazy register asset handler video-clip
2026-6-29 09:18:41-debug: asset-db:worker-effect-data-processing (411ms)
2026-6-29 09:18:41-debug: asset-db-hook-engine-extends-afterStartDB (411ms)
2026-6-29 09:18:41-debug: asset-db:ready (26199ms)
2026-6-29 09:18:41-debug: asset-db:start-database (17241ms)
2026-6-29 09:18:41-debug: init worker message success
2026-6-29 09:18:41-debug: programming:execute-script (10ms)
2026-6-29 09:18:48-log: [SUPER_PACKAGE]async function() {
  console.log(PACKAGE_NAME, load);
}
2026-6-29 09:18:48-debug: [Build Memory track]: builder:worker-init start:220.61MB, end 242.70MB, increase: 22.09MB
2026-6-29 09:18:48-debug: builder:worker-init (7563ms)
2026-6-29 09:18:59-debug: refresh db internal success
2026-6-29 09:18:59-debug: refresh db assets success
2026-6-29 09:18:59-debug: refresh db super-packager success
2026-6-29 09:18:59-debug: Run asset db hook engine-extends:afterRefresh ...
2026-6-29 09:18:59-debug: Run asset db hook engine-extends:afterRefresh success!
2026-6-29 09:18:59-debug: asset-db:refresh-all-database (200ms)
2026-6-29 09:18:59-debug: asset-db:worker-effect-data-processing (-1ms)
2026-6-29 09:18:59-debug: asset-db-hook-engine-extends-afterRefresh (-1ms)
2026-6-29 09:24:08-debug: Query all assets info in project
2026-6-29 09:24:08-debug: Query all assets info in project
2026-6-29 09:24:08-debug: Query all assets info in project
2026-6-29 09:24:08-debug: Query all assets info in project
2026-6-29 09:24:08-debug: init custom config: keepNodeUuid: false, useCache: true
2026-6-29 09:24:08-debug: Skip compress image, progress: 0%
2026-6-29 09:24:08-debug: init custom config: keepNodeUuid: false, useCache: true
2026-6-29 09:24:08-debug: init custom config: keepNodeUuid: false, useCache: true
2026-6-29 09:24:08-debug: Skip compress image, progress: 0%
2026-6-29 09:24:08-debug: Skip compress image, progress: 0%
2026-6-29 09:24:08-debug: init custom config: keepNodeUuid: false, useCache: true
2026-6-29 09:24:08-debug: Skip compress image, progress: 0%
2026-6-29 09:24:08-debug: Init all bundles start..., progress: 0%
2026-6-29 09:24:08-debug: Num of bundles: 3..., progress: 0%
2026-6-29 09:24:08-debug: 查询 Asset Bundle start, progress: 0%
2026-6-29 09:24:08-debug: Init bundle root assets start..., progress: 0%
2026-6-29 09:24:08-debug: // ---- build task 查询 Asset Bundle ----
2026-6-29 09:24:08-debug: Init all bundles start..., progress: 0%
2026-6-29 09:24:08-debug: 查询 Asset Bundle start, progress: 0%
2026-6-29 09:24:08-debug: Num of bundles: 3..., progress: 0%
2026-6-29 09:24:08-debug: // ---- build task 查询 Asset Bundle ----
2026-6-29 09:24:08-debug: Init bundle root assets start..., progress: 0%
2026-6-29 09:24:08-debug: Init all bundles start..., progress: 0%
2026-6-29 09:24:08-debug: Num of bundles: 3..., progress: 0%
2026-6-29 09:24:08-debug: // ---- build task 查询 Asset Bundle ----
2026-6-29 09:24:08-debug: Init bundle root assets start..., progress: 0%
2026-6-29 09:24:08-debug: 查询 Asset Bundle start, progress: 0%
2026-6-29 09:24:08-debug: Num of bundles: 3..., progress: 0%
2026-6-29 09:24:08-debug: Init all bundles start..., progress: 0%
2026-6-29 09:24:08-debug: 查询 Asset Bundle start, progress: 0%
2026-6-29 09:24:08-debug: Init bundle root assets start..., progress: 0%
2026-6-29 09:24:08-debug: // ---- build task 查询 Asset Bundle ----
2026-6-29 09:24:08-debug: Query preload assets/scripts from cc.config.json: 60f7195c-ec2a-45eb-ba94-8955f60e81d0,1c02ae6f-4492-4915-b8f8-7492a3b1e4cd,810e96e4-e456-4468-9b59-f4e8f39732c0,efe8e2a3-eace-427b-b4f1-cb8a937ec77d,e9aa9a3e-5b2b-4ac7-a2c7-073de2b2b24f,8bbdbcdd-5cd4-4100-b6d5-b7c9625b6107,50f4348b-c883-4e2f-8f11-ce233b859fa1,fda095cb-831d-4601-ad94-846013963de8,f92806d7-1768-443f-afe8-12bcde84d0f0,dd3a144d-ab7f-41f0-82b8-2e43a090d496,f0416e68-0200-4b77-a926-4f9d16e494da,511d2633-09a7-4bdd-ac42-f778032124b3,5d45aa00-e064-4938-b314-4265f0c2258c,9361fd90-ba52-4f84-aa93-6e878fd576ca,970b0598-bcb0-4714-91fb-2e81440dccd8,bcd64cc6-2dd9-43f6-abbe-66318d332032,d930590d-bb92-4cc8-8bd1-23cd027f9edf,a3cd009f-0ab0-420d-9278-b9fdab939bbc,6a2d0734-bd9e-4ddf-946e-caa52498cb75,d1346436-ac96-4271-b863-1f4fdead95b0,971bdb23-3ff6-43eb-b422-1c30165a3663,17debcc3-0a6b-4b8a-b00b-dc58b885581e,711ebe11-f673-4cd9-9a83-63c60ba54c5b,c0143906-9aed-447e-9436-2ae8512d1b6e,14da1725-c4c2-42b4-ab08-ee0aeb6898b3,081cab31-dccd-428e-8652-f2404cc81c47,78e0584a-4343-4727-8f37-e14e65c2a2db,ba21476f-2866-4f81-9c4d-6e359316e448,871c3b6c-7379-419d-bda3-794b239ab90d,ff9b0199-ce04-4cfe-86cc-6c719f08d6e4,de1c2107-70c8-4021-8459-6399f24d01c6,cbf30902-517f-40dc-af90-a550bac27cf1,5c601d96-e4c7-4698-991b-7ee674b11079
2026-6-29 09:24:08-debug:   Number of all scripts: 109
2026-6-29 09:24:08-debug:   Number of other assets: 1151
2026-6-29 09:24:08-debug: Init bundle root assets success..., progress: 0%
2026-6-29 09:24:08-debug:   Number of all scenes: 5
2026-6-29 09:24:08-debug: Query preload assets/scripts from cc.config.json: 60f7195c-ec2a-45eb-ba94-8955f60e81d0,1c02ae6f-4492-4915-b8f8-7492a3b1e4cd,810e96e4-e456-4468-9b59-f4e8f39732c0,efe8e2a3-eace-427b-b4f1-cb8a937ec77d,e9aa9a3e-5b2b-4ac7-a2c7-073de2b2b24f,8bbdbcdd-5cd4-4100-b6d5-b7c9625b6107,50f4348b-c883-4e2f-8f11-ce233b859fa1,fda095cb-831d-4601-ad94-846013963de8,f92806d7-1768-443f-afe8-12bcde84d0f0,dd3a144d-ab7f-41f0-82b8-2e43a090d496,f0416e68-0200-4b77-a926-4f9d16e494da,511d2633-09a7-4bdd-ac42-f778032124b3,5d45aa00-e064-4938-b314-4265f0c2258c,9361fd90-ba52-4f84-aa93-6e878fd576ca,970b0598-bcb0-4714-91fb-2e81440dccd8,bcd64cc6-2dd9-43f6-abbe-66318d332032,d930590d-bb92-4cc8-8bd1-23cd027f9edf,a3cd009f-0ab0-420d-9278-b9fdab939bbc,6a2d0734-bd9e-4ddf-946e-caa52498cb75,d1346436-ac96-4271-b863-1f4fdead95b0,971bdb23-3ff6-43eb-b422-1c30165a3663,17debcc3-0a6b-4b8a-b00b-dc58b885581e,711ebe11-f673-4cd9-9a83-63c60ba54c5b,c0143906-9aed-447e-9436-2ae8512d1b6e,14da1725-c4c2-42b4-ab08-ee0aeb6898b3,081cab31-dccd-428e-8652-f2404cc81c47,78e0584a-4343-4727-8f37-e14e65c2a2db,ba21476f-2866-4f81-9c4d-6e359316e448,871c3b6c-7379-419d-bda3-794b239ab90d,ff9b0199-ce04-4cfe-86cc-6c719f08d6e4,de1c2107-70c8-4021-8459-6399f24d01c6,cbf30902-517f-40dc-af90-a550bac27cf1,5c601d96-e4c7-4698-991b-7ee674b11079
2026-6-29 09:24:08-debug:   Number of all scripts: 109
2026-6-29 09:24:08-debug:   Number of other assets: 1151
2026-6-29 09:24:08-debug: Query preload assets/scripts from cc.config.json: 60f7195c-ec2a-45eb-ba94-8955f60e81d0,1c02ae6f-4492-4915-b8f8-7492a3b1e4cd,810e96e4-e456-4468-9b59-f4e8f39732c0,efe8e2a3-eace-427b-b4f1-cb8a937ec77d,e9aa9a3e-5b2b-4ac7-a2c7-073de2b2b24f,8bbdbcdd-5cd4-4100-b6d5-b7c9625b6107,50f4348b-c883-4e2f-8f11-ce233b859fa1,fda095cb-831d-4601-ad94-846013963de8,f92806d7-1768-443f-afe8-12bcde84d0f0,dd3a144d-ab7f-41f0-82b8-2e43a090d496,f0416e68-0200-4b77-a926-4f9d16e494da,511d2633-09a7-4bdd-ac42-f778032124b3,5d45aa00-e064-4938-b314-4265f0c2258c,9361fd90-ba52-4f84-aa93-6e878fd576ca,970b0598-bcb0-4714-91fb-2e81440dccd8,bcd64cc6-2dd9-43f6-abbe-66318d332032,d930590d-bb92-4cc8-8bd1-23cd027f9edf,a3cd009f-0ab0-420d-9278-b9fdab939bbc,6a2d0734-bd9e-4ddf-946e-caa52498cb75,d1346436-ac96-4271-b863-1f4fdead95b0,971bdb23-3ff6-43eb-b422-1c30165a3663,17debcc3-0a6b-4b8a-b00b-dc58b885581e,711ebe11-f673-4cd9-9a83-63c60ba54c5b,c0143906-9aed-447e-9436-2ae8512d1b6e,14da1725-c4c2-42b4-ab08-ee0aeb6898b3,081cab31-dccd-428e-8652-f2404cc81c47,78e0584a-4343-4727-8f37-e14e65c2a2db,ba21476f-2866-4f81-9c4d-6e359316e448,871c3b6c-7379-419d-bda3-794b239ab90d,ff9b0199-ce04-4cfe-86cc-6c719f08d6e4,de1c2107-70c8-4021-8459-6399f24d01c6,cbf30902-517f-40dc-af90-a550bac27cf1,5c601d96-e4c7-4698-991b-7ee674b11079
2026-6-29 09:24:08-debug: Init bundle root assets success..., progress: 0%
2026-6-29 09:24:08-debug:   Number of all scenes: 5
2026-6-29 09:24:08-debug:   Number of all scripts: 109
2026-6-29 09:24:08-debug:   Number of other assets: 1151
2026-6-29 09:24:08-debug:   Number of all scenes: 5
2026-6-29 09:24:08-debug: Init bundle root assets success..., progress: 0%
2026-6-29 09:24:08-debug: Query preload assets/scripts from cc.config.json: 60f7195c-ec2a-45eb-ba94-8955f60e81d0,1c02ae6f-4492-4915-b8f8-7492a3b1e4cd,810e96e4-e456-4468-9b59-f4e8f39732c0,efe8e2a3-eace-427b-b4f1-cb8a937ec77d,e9aa9a3e-5b2b-4ac7-a2c7-073de2b2b24f,8bbdbcdd-5cd4-4100-b6d5-b7c9625b6107,50f4348b-c883-4e2f-8f11-ce233b859fa1,fda095cb-831d-4601-ad94-846013963de8,f92806d7-1768-443f-afe8-12bcde84d0f0,dd3a144d-ab7f-41f0-82b8-2e43a090d496,f0416e68-0200-4b77-a926-4f9d16e494da,511d2633-09a7-4bdd-ac42-f778032124b3,5d45aa00-e064-4938-b314-4265f0c2258c,9361fd90-ba52-4f84-aa93-6e878fd576ca,970b0598-bcb0-4714-91fb-2e81440dccd8,bcd64cc6-2dd9-43f6-abbe-66318d332032,d930590d-bb92-4cc8-8bd1-23cd027f9edf,a3cd009f-0ab0-420d-9278-b9fdab939bbc,6a2d0734-bd9e-4ddf-946e-caa52498cb75,d1346436-ac96-4271-b863-1f4fdead95b0,971bdb23-3ff6-43eb-b422-1c30165a3663,17debcc3-0a6b-4b8a-b00b-dc58b885581e,711ebe11-f673-4cd9-9a83-63c60ba54c5b,c0143906-9aed-447e-9436-2ae8512d1b6e,14da1725-c4c2-42b4-ab08-ee0aeb6898b3,081cab31-dccd-428e-8652-f2404cc81c47,78e0584a-4343-4727-8f37-e14e65c2a2db,ba21476f-2866-4f81-9c4d-6e359316e448,871c3b6c-7379-419d-bda3-794b239ab90d,ff9b0199-ce04-4cfe-86cc-6c719f08d6e4,de1c2107-70c8-4021-8459-6399f24d01c6,cbf30902-517f-40dc-af90-a550bac27cf1,5c601d96-e4c7-4698-991b-7ee674b11079
2026-6-29 09:24:08-debug:   Number of all scenes: 5
2026-6-29 09:24:08-debug:   Number of all scripts: 109
2026-6-29 09:24:08-debug: Init bundle root assets success..., progress: 0%
2026-6-29 09:24:08-debug:   Number of other assets: 1151
2026-6-29 09:24:08-debug: // ---- build task 查询 Asset Bundle ---- (32ms)
2026-6-29 09:24:08-log: run build task 查询 Asset Bundle success in 32 ms√, progress: 5%
2026-6-29 09:24:08-debug: // ---- build task 查询 Asset Bundle ----
2026-6-29 09:24:08-debug: [Build Memory track]: 查询 Asset Bundle start:244.91MB, end 245.26MB, increase: 362.03KB
2026-6-29 09:24:08-debug: 查询 Asset Bundle start, progress: 5%
2026-6-29 09:24:08-log: run build task 查询 Asset Bundle success in √, progress: 5%
2026-6-29 09:24:08-debug: [Build Memory track]: 查询 Asset Bundle start:245.31MB, end 245.33MB, increase: 21.00KB
2026-6-29 09:24:08-debug: 查询 Asset Bundle start, progress: 5%
2026-6-29 09:24:08-log: run build task 查询 Asset Bundle success in √, progress: 5%
2026-6-29 09:24:08-debug: [Build Memory track]: 查询 Asset Bundle start:245.38MB, end 245.39MB, increase: 17.59KB
2026-6-29 09:24:08-debug: 查询 Asset Bundle start, progress: 5%
2026-6-29 09:24:08-debug: // ---- build task 查询 Asset Bundle ----
2026-6-29 09:24:08-debug: // ---- build task 查询 Asset Bundle ----
2026-6-29 09:24:08-log: run build task 查询 Asset Bundle success in √, progress: 5%
2026-6-29 09:24:08-debug: [Build Memory track]: 查询 Asset Bundle start:245.44MB, end 245.46MB, increase: 17.53KB
2026-6-29 09:24:08-debug: 查询 Asset Bundle start, progress: 5%
2026-6-29 09:24:08-debug: // ---- build task 查询 Asset Bundle ----
2026-6-29 09:24:08-debug: // ---- build task 查询 Asset Bundle ---- (9ms)
2026-6-29 09:24:08-debug: [Build Memory track]: 查询 Asset Bundle start:245.50MB, end 244.80MB, increase: -715.47KB
2026-6-29 09:24:08-log: run build task 查询 Asset Bundle success in 9 ms√, progress: 10%
2026-6-29 09:24:08-debug: 整理部分构建选项内数据到 settings.json start, progress: 10%
2026-6-29 09:24:08-debug: // ---- build task 整理部分构建选项内数据到 settings.json ----
2026-6-29 09:24:08-debug: 整理部分构建选项内数据到 settings.json start, progress: 10%
2026-6-29 09:24:08-debug: // ---- build task 整理部分构建选项内数据到 settings.json ----
2026-6-29 09:24:08-log: run build task 查询 Asset Bundle success in √, progress: 10%
2026-6-29 09:24:08-log: run build task 查询 Asset Bundle success in √, progress: 10%
2026-6-29 09:24:08-debug: 整理部分构建选项内数据到 settings.json start, progress: 10%
2026-6-29 09:24:08-debug: // ---- build task 整理部分构建选项内数据到 settings.json ----
2026-6-29 09:24:08-log: run build task 查询 Asset Bundle success in √, progress: 10%
2026-6-29 09:24:08-debug: 整理部分构建选项内数据到 settings.json start, progress: 10%
2026-6-29 09:24:08-debug: // ---- build task 整理部分构建选项内数据到 settings.json ----
2026-6-29 09:24:08-debug: // ---- build task 整理部分构建选项内数据到 settings.json ---- (4ms)
2026-6-29 09:24:08-log: run build task 整理部分构建选项内数据到 settings.json success in 4 ms√, progress: 12%
2026-6-29 09:24:08-debug: 填充脚本数据到 settings.json start, progress: 12%
2026-6-29 09:24:08-debug: [Build Memory track]: 整理部分构建选项内数据到 settings.json start:245.02MB, end 245.08MB, increase: 65.59KB
2026-6-29 09:24:08-debug: // ---- build task 填充脚本数据到 settings.json ----
2026-6-29 09:24:08-debug: // ---- build task 整理部分构建选项内数据到 settings.json ---- (5ms)
2026-6-29 09:24:08-log: run build task 整理部分构建选项内数据到 settings.json success in 5 ms√, progress: 12%
2026-6-29 09:24:08-debug: 填充脚本数据到 settings.json start, progress: 12%
2026-6-29 09:24:08-debug: // ---- build task 填充脚本数据到 settings.json ----
2026-6-29 09:24:08-log: run build task 整理部分构建选项内数据到 settings.json success in 4 ms√, progress: 12%
2026-6-29 09:24:08-debug: 填充脚本数据到 settings.json start, progress: 12%
2026-6-29 09:24:08-debug: // ---- build task 整理部分构建选项内数据到 settings.json ---- (4ms)
2026-6-29 09:24:08-debug: // ---- build task 整理部分构建选项内数据到 settings.json ---- (3ms)
2026-6-29 09:24:08-debug: // ---- build task 填充脚本数据到 settings.json ----
2026-6-29 09:24:08-log: run build task 整理部分构建选项内数据到 settings.json success in 3 ms√, progress: 12%
2026-6-29 09:24:08-debug: 填充脚本数据到 settings.json start, progress: 12%
2026-6-29 09:24:08-debug: // ---- build task 填充脚本数据到 settings.json ----
2026-6-29 09:24:08-debug: // ---- build task 填充脚本数据到 settings.json ---- (2ms)
2026-6-29 09:24:08-log: run build task 填充脚本数据到 settings.json success in 2 ms√, progress: 13%
2026-6-29 09:24:08-debug: [Build Memory track]: 填充脚本数据到 settings.json start:245.31MB, end 245.35MB, increase: 44.43KB
2026-6-29 09:24:08-debug: 整理部分构建选项内数据到 settings.json start, progress: 13%
2026-6-29 09:24:08-debug: // ---- build task 整理部分构建选项内数据到 settings.json ----
2026-6-29 09:24:08-debug: // ---- build task 填充脚本数据到 settings.json ---- (3ms)
2026-6-29 09:24:08-debug: 整理部分构建选项内数据到 settings.json start, progress: 13%
2026-6-29 09:24:08-log: run build task 填充脚本数据到 settings.json success in 3 ms√, progress: 13%
2026-6-29 09:24:08-debug: // ---- build task 整理部分构建选项内数据到 settings.json ----
2026-6-29 09:24:08-log: run build task 填充脚本数据到 settings.json success in 2 ms√, progress: 13%
2026-6-29 09:24:08-debug: 整理部分构建选项内数据到 settings.json start, progress: 13%
2026-6-29 09:24:08-debug: // ---- build task 整理部分构建选项内数据到 settings.json ----
2026-6-29 09:24:08-debug: // ---- build task 填充脚本数据到 settings.json ---- (1ms)
2026-6-29 09:24:08-debug: // ---- build task 填充脚本数据到 settings.json ---- (2ms)
2026-6-29 09:24:08-log: run build task 填充脚本数据到 settings.json success in 1 ms√, progress: 13%
2026-6-29 09:24:08-debug: 整理部分构建选项内数据到 settings.json start, progress: 13%
2026-6-29 09:24:08-debug: // ---- build task 整理部分构建选项内数据到 settings.json ----
2026-6-29 09:24:08-debug: // ---- build task 整理部分构建选项内数据到 settings.json ---- (11ms)
2026-6-29 09:24:08-debug: [Build Memory track]: 整理部分构建选项内数据到 settings.json start:245.58MB, end 245.02MB, increase: -573.78KB
2026-6-29 09:24:08-log: run build task 整理部分构建选项内数据到 settings.json success in √, progress: 15%
2026-6-29 09:24:08-log: run build task 整理部分构建选项内数据到 settings.json success in √, progress: 15%
2026-6-29 09:24:08-log: run build task 整理部分构建选项内数据到 settings.json success in 11 ms√, progress: 15%
2026-6-29 09:24:08-log: run build task 整理部分构建选项内数据到 settings.json success in √, progress: 15%
2026-6-29 09:24:55-debug: refresh db internal success
2026-6-29 09:24:55-debug: refresh db assets success
2026-6-29 09:24:55-debug: refresh db super-packager success
2026-6-29 09:24:55-debug: Run asset db hook engine-extends:afterRefresh ...
2026-6-29 09:24:55-debug: Run asset db hook engine-extends:afterRefresh success!
2026-6-29 09:24:55-debug: asset-db:refresh-all-database (209ms)
2026-6-29 09:24:55-debug: asset-db:worker-effect-data-processing (2ms)
2026-6-29 09:24:55-debug: asset-db-hook-engine-extends-afterRefresh (3ms)
2026-6-29 09:30:53-debug: refresh db internal success
2026-6-29 09:30:53-debug: refresh db assets success
2026-6-29 09:30:53-debug: refresh db super-packager success
2026-6-29 09:30:53-debug: Run asset db hook engine-extends:afterRefresh ...
2026-6-29 09:30:53-debug: Run asset db hook engine-extends:afterRefresh success!
2026-6-29 09:30:53-debug: asset-db:refresh-all-database (405ms)
2026-6-29 09:30:53-debug: asset-db:worker-effect-data-processing (118ms)
2026-6-29 09:30:53-debug: asset-db-hook-engine-extends-afterRefresh (119ms)
2026-6-29 09:30:53-debug: Query all assets info in project
2026-6-29 09:30:53-debug: init custom config: keepNodeUuid: false, useCache: true
2026-6-29 09:30:53-debug: Skip compress image, progress: 0%
2026-6-29 09:30:53-debug: Init all bundles start..., progress: 0%
2026-6-29 09:30:53-debug: // ---- build task 查询 Asset Bundle ----
2026-6-29 09:30:53-debug: 查询 Asset Bundle start, progress: 0%
2026-6-29 09:30:53-debug: Num of bundles: 3..., progress: 0%
2026-6-29 09:30:53-debug: Init bundle root assets start..., progress: 0%
2026-6-29 09:30:53-debug: Query preload assets/scripts from cc.config.json: 60f7195c-ec2a-45eb-ba94-8955f60e81d0,1c02ae6f-4492-4915-b8f8-7492a3b1e4cd,810e96e4-e456-4468-9b59-f4e8f39732c0,efe8e2a3-eace-427b-b4f1-cb8a937ec77d,e9aa9a3e-5b2b-4ac7-a2c7-073de2b2b24f,8bbdbcdd-5cd4-4100-b6d5-b7c9625b6107,50f4348b-c883-4e2f-8f11-ce233b859fa1,fda095cb-831d-4601-ad94-846013963de8,f92806d7-1768-443f-afe8-12bcde84d0f0,dd3a144d-ab7f-41f0-82b8-2e43a090d496,f0416e68-0200-4b77-a926-4f9d16e494da,511d2633-09a7-4bdd-ac42-f778032124b3,5d45aa00-e064-4938-b314-4265f0c2258c,9361fd90-ba52-4f84-aa93-6e878fd576ca,970b0598-bcb0-4714-91fb-2e81440dccd8,bcd64cc6-2dd9-43f6-abbe-66318d332032,d930590d-bb92-4cc8-8bd1-23cd027f9edf,a3cd009f-0ab0-420d-9278-b9fdab939bbc,6a2d0734-bd9e-4ddf-946e-caa52498cb75,d1346436-ac96-4271-b863-1f4fdead95b0,971bdb23-3ff6-43eb-b422-1c30165a3663,17debcc3-0a6b-4b8a-b00b-dc58b885581e,711ebe11-f673-4cd9-9a83-63c60ba54c5b,c0143906-9aed-447e-9436-2ae8512d1b6e,14da1725-c4c2-42b4-ab08-ee0aeb6898b3,081cab31-dccd-428e-8652-f2404cc81c47,78e0584a-4343-4727-8f37-e14e65c2a2db,ba21476f-2866-4f81-9c4d-6e359316e448,871c3b6c-7379-419d-bda3-794b239ab90d,ff9b0199-ce04-4cfe-86cc-6c719f08d6e4,de1c2107-70c8-4021-8459-6399f24d01c6,cbf30902-517f-40dc-af90-a550bac27cf1,5c601d96-e4c7-4698-991b-7ee674b11079
2026-6-29 09:30:53-debug:   Number of all scenes: 5
2026-6-29 09:30:53-debug:   Number of all scripts: 109
2026-6-29 09:30:53-debug: Init bundle root assets success..., progress: 0%
2026-6-29 09:30:53-debug:   Number of other assets: 1151
2026-6-29 09:30:53-debug: // ---- build task 查询 Asset Bundle ---- (14ms)
2026-6-29 09:30:53-debug: 查询 Asset Bundle start, progress: 5%
2026-6-29 09:30:53-log: run build task 查询 Asset Bundle success in 14 ms√, progress: 5%
2026-6-29 09:30:53-debug: [Build Memory track]: 查询 Asset Bundle start:252.51MB, end 250.99MB, increase: -1560.63KB
2026-6-29 09:30:53-debug: // ---- build task 查询 Asset Bundle ----
2026-6-29 09:30:53-debug: // ---- build task 查询 Asset Bundle ---- (5ms)
2026-6-29 09:30:53-debug: [Build Memory track]: 查询 Asset Bundle start:251.03MB, end 251.28MB, increase: 254.08KB
2026-6-29 09:30:53-debug: 整理部分构建选项内数据到 settings.json start, progress: 10%
2026-6-29 09:30:53-debug: // ---- build task 整理部分构建选项内数据到 settings.json ----
2026-6-29 09:30:53-log: run build task 查询 Asset Bundle success in 5 ms√, progress: 10%
2026-6-29 09:30:53-debug: // ---- build task 整理部分构建选项内数据到 settings.json ---- (2ms)
2026-6-29 09:30:53-log: run build task 整理部分构建选项内数据到 settings.json success in 2 ms√, progress: 12%
2026-6-29 09:30:53-debug: [Build Memory track]: 整理部分构建选项内数据到 settings.json start:251.32MB, end 251.36MB, increase: 36.58KB
2026-6-29 09:30:53-debug: 填充脚本数据到 settings.json start, progress: 12%
2026-6-29 09:30:53-debug: // ---- build task 填充脚本数据到 settings.json ----
2026-6-29 09:30:53-debug: // ---- build task 填充脚本数据到 settings.json ---- (1ms)
2026-6-29 09:30:53-log: run build task 填充脚本数据到 settings.json success in 1 ms√, progress: 13%
2026-6-29 09:30:53-debug: 整理部分构建选项内数据到 settings.json start, progress: 13%
2026-6-29 09:30:53-debug: [Build Memory track]: 填充脚本数据到 settings.json start:251.40MB, end 251.44MB, increase: 36.02KB
2026-6-29 09:30:53-debug: // ---- build task 整理部分构建选项内数据到 settings.json ----
2026-6-29 09:30:53-debug: // ---- build task 整理部分构建选项内数据到 settings.json ---- (4ms)
2026-6-29 09:30:53-log: run build task 整理部分构建选项内数据到 settings.json success in 4 ms√, progress: 15%
2026-6-29 09:30:53-debug: [Build Memory track]: 整理部分构建选项内数据到 settings.json start:251.49MB, end 251.58MB, increase: 98.15KB
2026-6-29 09:31:48-debug: refresh db internal success
2026-6-29 09:31:48-debug: refresh db assets success
2026-6-29 09:31:48-debug: refresh db super-packager success
2026-6-29 09:31:48-debug: Run asset db hook engine-extends:afterRefresh ...
2026-6-29 09:31:48-debug: Run asset db hook engine-extends:afterRefresh success!
2026-6-29 09:31:48-debug: asset-db:refresh-all-database (201ms)
2026-6-29 09:31:48-debug: asset-db:worker-effect-data-processing (3ms)
2026-6-29 09:31:48-debug: asset-db-hook-engine-extends-afterRefresh (4ms)
2026-6-29 09:32:15-debug: %cImport%c: D:\工程项目\PlayableAD\Cocos\TheW\20260615_HYQ\HYQ_Project\assets\Scene\Game_3D-002.scenebackground: #aaff85; color: #000;color: #000;
2026-6-29 09:32:15-debug: asset-db:reimport-assetb5805d3a-3b80-4a12-adf5-588e63a7d886 (29ms)
2026-6-29 09:32:16-debug: Query all assets info in project
2026-6-29 09:32:16-debug: init custom config: keepNodeUuid: false, useCache: true
2026-6-29 09:32:16-debug: Skip compress image, progress: 0%
2026-6-29 09:32:16-debug: Init all bundles start..., progress: 0%
2026-6-29 09:32:16-debug: // ---- build task 查询 Asset Bundle ----
2026-6-29 09:32:16-debug: Num of bundles: 3..., progress: 0%
2026-6-29 09:32:16-debug: 查询 Asset Bundle start, progress: 0%
2026-6-29 09:32:16-debug: Init bundle root assets start..., progress: 0%
2026-6-29 09:32:16-debug:   Number of all scenes: 5
2026-6-29 09:32:16-debug:   Number of all scripts: 109
2026-6-29 09:32:16-debug: Query preload assets/scripts from cc.config.json: 60f7195c-ec2a-45eb-ba94-8955f60e81d0,1c02ae6f-4492-4915-b8f8-7492a3b1e4cd,810e96e4-e456-4468-9b59-f4e8f39732c0,efe8e2a3-eace-427b-b4f1-cb8a937ec77d,e9aa9a3e-5b2b-4ac7-a2c7-073de2b2b24f,8bbdbcdd-5cd4-4100-b6d5-b7c9625b6107,50f4348b-c883-4e2f-8f11-ce233b859fa1,fda095cb-831d-4601-ad94-846013963de8,f92806d7-1768-443f-afe8-12bcde84d0f0,dd3a144d-ab7f-41f0-82b8-2e43a090d496,f0416e68-0200-4b77-a926-4f9d16e494da,511d2633-09a7-4bdd-ac42-f778032124b3,5d45aa00-e064-4938-b314-4265f0c2258c,9361fd90-ba52-4f84-aa93-6e878fd576ca,970b0598-bcb0-4714-91fb-2e81440dccd8,bcd64cc6-2dd9-43f6-abbe-66318d332032,d930590d-bb92-4cc8-8bd1-23cd027f9edf,a3cd009f-0ab0-420d-9278-b9fdab939bbc,6a2d0734-bd9e-4ddf-946e-caa52498cb75,d1346436-ac96-4271-b863-1f4fdead95b0,971bdb23-3ff6-43eb-b422-1c30165a3663,17debcc3-0a6b-4b8a-b00b-dc58b885581e,711ebe11-f673-4cd9-9a83-63c60ba54c5b,c0143906-9aed-447e-9436-2ae8512d1b6e,14da1725-c4c2-42b4-ab08-ee0aeb6898b3,081cab31-dccd-428e-8652-f2404cc81c47,78e0584a-4343-4727-8f37-e14e65c2a2db,ba21476f-2866-4f81-9c4d-6e359316e448,871c3b6c-7379-419d-bda3-794b239ab90d,ff9b0199-ce04-4cfe-86cc-6c719f08d6e4,de1c2107-70c8-4021-8459-6399f24d01c6,cbf30902-517f-40dc-af90-a550bac27cf1,5c601d96-e4c7-4698-991b-7ee674b11079
2026-6-29 09:32:16-debug:   Number of other assets: 1151
2026-6-29 09:32:16-debug: Init bundle root assets success..., progress: 0%
2026-6-29 09:32:16-debug: // ---- build task 查询 Asset Bundle ---- (15ms)
2026-6-29 09:32:16-debug: [Build Memory track]: 查询 Asset Bundle start:256.06MB, end 255.99MB, increase: -67.52KB
2026-6-29 09:32:16-log: run build task 查询 Asset Bundle success in 15 ms√, progress: 5%
2026-6-29 09:32:16-debug: 查询 Asset Bundle start, progress: 5%
2026-6-29 09:32:16-debug: // ---- build task 查询 Asset Bundle ----
2026-6-29 09:32:16-debug: // ---- build task 查询 Asset Bundle ---- (6ms)
2026-6-29 09:32:16-log: run build task 查询 Asset Bundle success in 6 ms√, progress: 10%
2026-6-29 09:32:16-debug: [Build Memory track]: 查询 Asset Bundle start:256.04MB, end 256.27MB, increase: 237.58KB
2026-6-29 09:32:16-debug: 整理部分构建选项内数据到 settings.json start, progress: 10%
2026-6-29 09:32:16-debug: // ---- build task 整理部分构建选项内数据到 settings.json ----
2026-6-29 09:32:16-debug: // ---- build task 整理部分构建选项内数据到 settings.json ---- (4ms)
2026-6-29 09:32:16-log: run build task 整理部分构建选项内数据到 settings.json success in 4 ms√, progress: 12%
2026-6-29 09:32:16-debug: 填充脚本数据到 settings.json start, progress: 12%
2026-6-29 09:32:16-debug: [Build Memory track]: 整理部分构建选项内数据到 settings.json start:256.32MB, end 256.35MB, increase: 36.73KB
2026-6-29 09:32:16-debug: // ---- build task 填充脚本数据到 settings.json ----
2026-6-29 09:32:16-debug: // ---- build task 填充脚本数据到 settings.json ---- (2ms)
2026-6-29 09:32:16-log: run build task 填充脚本数据到 settings.json success in 2 ms√, progress: 13%
2026-6-29 09:32:16-debug: 整理部分构建选项内数据到 settings.json start, progress: 13%
2026-6-29 09:32:16-debug: [Build Memory track]: 填充脚本数据到 settings.json start:256.40MB, end 256.43MB, increase: 36.85KB
2026-6-29 09:32:16-debug: // ---- build task 整理部分构建选项内数据到 settings.json ----
2026-6-29 09:32:16-debug: // ---- build task 整理部分构建选项内数据到 settings.json ---- (5ms)
2026-6-29 09:32:16-debug: [Build Memory track]: 整理部分构建选项内数据到 settings.json start:256.48MB, end 256.55MB, increase: 73.16KB
2026-6-29 09:32:16-log: run build task 整理部分构建选项内数据到 settings.json success in 5 ms√, progress: 15%
2026-6-29 09:32:59-debug: refresh db internal success
2026-6-29 09:32:59-debug: refresh db assets success
2026-6-29 09:32:59-debug: refresh db super-packager success
2026-6-29 09:32:59-debug: Run asset db hook engine-extends:afterRefresh ...
2026-6-29 09:32:59-debug: Run asset db hook engine-extends:afterRefresh success!
2026-6-29 09:32:59-debug: asset-db:refresh-all-database (241ms)
2026-6-29 09:32:59-debug: asset-db:worker-effect-data-processing (2ms)
2026-6-29 09:32:59-debug: asset-db-hook-engine-extends-afterRefresh (3ms)
2026-6-29 09:33:05-debug: %cImport%c: D:\工程项目\PlayableAD\Cocos\TheW\20260615_HYQ\HYQ_Project\assets\Scene\Game_3D-002.scenebackground: #aaff85; color: #000;color: #000;
2026-6-29 09:33:05-debug: asset-db:reimport-assetb5805d3a-3b80-4a12-adf5-588e63a7d886 (38ms)
2026-6-29 09:33:06-debug: Query all assets info in project
2026-6-29 09:33:06-debug: init custom config: keepNodeUuid: false, useCache: true
2026-6-29 09:33:06-debug: Skip compress image, progress: 0%
2026-6-29 09:33:06-debug: Init all bundles start..., progress: 0%
2026-6-29 09:33:06-debug: Num of bundles: 3..., progress: 0%
2026-6-29 09:33:06-debug: 查询 Asset Bundle start, progress: 0%
2026-6-29 09:33:06-debug: // ---- build task 查询 Asset Bundle ----
2026-6-29 09:33:06-debug: Init bundle root assets start..., progress: 0%
2026-6-29 09:33:06-debug:   Number of all scenes: 5
2026-6-29 09:33:06-debug: Query preload assets/scripts from cc.config.json: 60f7195c-ec2a-45eb-ba94-8955f60e81d0,1c02ae6f-4492-4915-b8f8-7492a3b1e4cd,810e96e4-e456-4468-9b59-f4e8f39732c0,efe8e2a3-eace-427b-b4f1-cb8a937ec77d,e9aa9a3e-5b2b-4ac7-a2c7-073de2b2b24f,8bbdbcdd-5cd4-4100-b6d5-b7c9625b6107,50f4348b-c883-4e2f-8f11-ce233b859fa1,fda095cb-831d-4601-ad94-846013963de8,f92806d7-1768-443f-afe8-12bcde84d0f0,dd3a144d-ab7f-41f0-82b8-2e43a090d496,f0416e68-0200-4b77-a926-4f9d16e494da,511d2633-09a7-4bdd-ac42-f778032124b3,5d45aa00-e064-4938-b314-4265f0c2258c,9361fd90-ba52-4f84-aa93-6e878fd576ca,970b0598-bcb0-4714-91fb-2e81440dccd8,bcd64cc6-2dd9-43f6-abbe-66318d332032,d930590d-bb92-4cc8-8bd1-23cd027f9edf,a3cd009f-0ab0-420d-9278-b9fdab939bbc,6a2d0734-bd9e-4ddf-946e-caa52498cb75,d1346436-ac96-4271-b863-1f4fdead95b0,971bdb23-3ff6-43eb-b422-1c30165a3663,17debcc3-0a6b-4b8a-b00b-dc58b885581e,711ebe11-f673-4cd9-9a83-63c60ba54c5b,c0143906-9aed-447e-9436-2ae8512d1b6e,14da1725-c4c2-42b4-ab08-ee0aeb6898b3,081cab31-dccd-428e-8652-f2404cc81c47,78e0584a-4343-4727-8f37-e14e65c2a2db,ba21476f-2866-4f81-9c4d-6e359316e448,871c3b6c-7379-419d-bda3-794b239ab90d,ff9b0199-ce04-4cfe-86cc-6c719f08d6e4,de1c2107-70c8-4021-8459-6399f24d01c6,cbf30902-517f-40dc-af90-a550bac27cf1,5c601d96-e4c7-4698-991b-7ee674b11079
2026-6-29 09:33:06-debug:   Number of all scripts: 109
2026-6-29 09:33:06-debug:   Number of other assets: 1151
2026-6-29 09:33:06-debug: Init bundle root assets success..., progress: 0%
2026-6-29 09:33:06-debug: // ---- build task 查询 Asset Bundle ---- (13ms)
2026-6-29 09:33:06-log: run build task 查询 Asset Bundle success in 13 ms√, progress: 5%
2026-6-29 09:33:06-debug: [Build Memory track]: 查询 Asset Bundle start:262.38MB, end 262.31MB, increase: -79.39KB
2026-6-29 09:33:06-debug: 查询 Asset Bundle start, progress: 5%
2026-6-29 09:33:06-debug: // ---- build task 查询 Asset Bundle ----
2026-6-29 09:33:06-debug: // ---- build task 查询 Asset Bundle ---- (4ms)
2026-6-29 09:33:06-log: run build task 查询 Asset Bundle success in 4 ms√, progress: 10%
2026-6-29 09:33:06-debug: [Build Memory track]: 查询 Asset Bundle start:262.35MB, end 262.62MB, increase: 275.48KB
2026-6-29 09:33:06-debug: 整理部分构建选项内数据到 settings.json start, progress: 10%
2026-6-29 09:33:06-debug: // ---- build task 整理部分构建选项内数据到 settings.json ----
2026-6-29 09:33:06-debug: // ---- build task 整理部分构建选项内数据到 settings.json ---- (1ms)
2026-6-29 09:33:06-debug: [Build Memory track]: 整理部分构建选项内数据到 settings.json start:262.67MB, end 262.70MB, increase: 36.71KB
2026-6-29 09:33:06-log: run build task 整理部分构建选项内数据到 settings.json success in 1 ms√, progress: 12%
2026-6-29 09:33:06-debug: 填充脚本数据到 settings.json start, progress: 12%
2026-6-29 09:33:06-debug: // ---- build task 填充脚本数据到 settings.json ----
2026-6-29 09:33:06-debug: // ---- build task 填充脚本数据到 settings.json ---- (2ms)
2026-6-29 09:33:06-log: run build task 填充脚本数据到 settings.json success in 2 ms√, progress: 13%
2026-6-29 09:33:06-debug: 整理部分构建选项内数据到 settings.json start, progress: 13%
2026-6-29 09:33:06-debug: [Build Memory track]: 填充脚本数据到 settings.json start:262.75MB, end 262.78MB, increase: 36.71KB
2026-6-29 09:33:06-debug: // ---- build task 整理部分构建选项内数据到 settings.json ----
2026-6-29 09:33:06-debug: // ---- build task 整理部分构建选项内数据到 settings.json ---- (4ms)
2026-6-29 09:33:06-log: run build task 整理部分构建选项内数据到 settings.json success in 4 ms√, progress: 15%
2026-6-29 09:33:06-debug: [Build Memory track]: 整理部分构建选项内数据到 settings.json start:262.83MB, end 262.87MB, increase: 48.80KB
